Archive member included to satisfy reference by file (symbol)

c:/st/stm32cubeide_1.4.0/stm32cubeide/plugins/com.st.stm32cube.ide.mcu.externaltools.gnu-tools-for-stm32.7-2018-q2-update.win32_1.4.0.202007081208/tools/bin/../lib/gcc/arm-none-eabi/7.3.1/../../../../arm-none-eabi/lib/thumb/v7e-m/fpv5/hard\libc_nano.a(lib_a-atof.o)
                              USB_HOST/App/usb_host.o (atof)
c:/st/stm32cubeide_1.4.0/stm32cubeide/plugins/com.st.stm32cube.ide.mcu.externaltools.gnu-tools-for-stm32.7-2018-q2-update.win32_1.4.0.202007081208/tools/bin/../lib/gcc/arm-none-eabi/7.3.1/../../../../arm-none-eabi/lib/thumb/v7e-m/fpv5/hard\libc_nano.a(lib_a-errno.o)
                              Core/Src/syscalls.o (__errno)
c:/st/stm32cubeide_1.4.0/stm32cubeide/plugins/com.st.stm32cube.ide.mcu.externaltools.gnu-tools-for-stm32.7-2018-q2-update.win32_1.4.0.202007081208/tools/bin/../lib/gcc/arm-none-eabi/7.3.1/../../../../arm-none-eabi/lib/thumb/v7e-m/fpv5/hard\libc_nano.a(lib_a-exit.o)
                              c:/st/stm32cubeide_1.4.0/stm32cubeide/plugins/com.st.stm32cube.ide.mcu.externaltools.gnu-tools-for-stm32.7-2018-q2-update.win32_1.4.0.202007081208/tools/bin/../lib/gcc/arm-none-eabi/7.3.1/../../../../arm-none-eabi/lib/thumb/v7e-m/fpv5/hard/crt0.o (exit)
c:/st/stm32cubeide_1.4.0/stm32cubeide/plugins/com.st.stm32cube.ide.mcu.externaltools.gnu-tools-for-stm32.7-2018-q2-update.win32_1.4.0.202007081208/tools/bin/../lib/gcc/arm-none-eabi/7.3.1/../../../../arm-none-eabi/lib/thumb/v7e-m/fpv5/hard\libc_nano.a(lib_a-impure.o)
                              c:/st/stm32cubeide_1.4.0/stm32cubeide/plugins/com.st.stm32cube.ide.mcu.externaltools.gnu-tools-for-stm32.7-2018-q2-update.win32_1.4.0.202007081208/tools/bin/../lib/gcc/arm-none-eabi/7.3.1/../../../../arm-none-eabi/lib/thumb/v7e-m/fpv5/hard\libc_nano.a(lib_a-exit.o) (_global_impure_ptr)
c:/st/stm32cubeide_1.4.0/stm32cubeide/plugins/com.st.stm32cube.ide.mcu.externaltools.gnu-tools-for-stm32.7-2018-q2-update.win32_1.4.0.202007081208/tools/bin/../lib/gcc/arm-none-eabi/7.3.1/../../../../arm-none-eabi/lib/thumb/v7e-m/fpv5/hard\libc_nano.a(lib_a-init.o)
                              c:/st/stm32cubeide_1.4.0/stm32cubeide/plugins/com.st.stm32cube.ide.mcu.externaltools.gnu-tools-for-stm32.7-2018-q2-update.win32_1.4.0.202007081208/tools/bin/../lib/gcc/arm-none-eabi/7.3.1/../../../../arm-none-eabi/lib/thumb/v7e-m/fpv5/hard/crt0.o (__libc_init_array)
c:/st/stm32cubeide_1.4.0/stm32cubeide/plugins/com.st.stm32cube.ide.mcu.externaltools.gnu-tools-for-stm32.7-2018-q2-update.win32_1.4.0.202007081208/tools/bin/../lib/gcc/arm-none-eabi/7.3.1/../../../../arm-none-eabi/lib/thumb/v7e-m/fpv5/hard\libc_nano.a(lib_a-malloc.o)
                              Core/Src/cnn.o (malloc)
c:/st/stm32cubeide_1.4.0/stm32cubeide/plugins/com.st.stm32cube.ide.mcu.externaltools.gnu-tools-for-stm32.7-2018-q2-update.win32_1.4.0.202007081208/tools/bin/../lib/gcc/arm-none-eabi/7.3.1/../../../../arm-none-eabi/lib/thumb/v7e-m/fpv5/hard\libc_nano.a(lib_a-memcpy-stub.o)
                              Middlewares/ST/STM32_USB_Host_Library/Class/MSC/Src/usbh_msc.o (memcpy)
c:/st/stm32cubeide_1.4.0/stm32cubeide/plugins/com.st.stm32cube.ide.mcu.externaltools.gnu-tools-for-stm32.7-2018-q2-update.win32_1.4.0.202007081208/tools/bin/../lib/gcc/arm-none-eabi/7.3.1/../../../../arm-none-eabi/lib/thumb/v7e-m/fpv5/hard\libc_nano.a(lib_a-memset.o)
                              c:/st/stm32cubeide_1.4.0/stm32cubeide/plugins/com.st.stm32cube.ide.mcu.externaltools.gnu-tools-for-stm32.7-2018-q2-update.win32_1.4.0.202007081208/tools/bin/../lib/gcc/arm-none-eabi/7.3.1/../../../../arm-none-eabi/lib/thumb/v7e-m/fpv5/hard/crt0.o (memset)
c:/st/stm32cubeide_1.4.0/stm32cubeide/plugins/com.st.stm32cube.ide.mcu.externaltools.gnu-tools-for-stm32.7-2018-q2-update.win32_1.4.0.202007081208/tools/bin/../lib/gcc/arm-none-eabi/7.3.1/../../../../arm-none-eabi/lib/thumb/v7e-m/fpv5/hard\libc_nano.a(lib_a-nano-freer.o)
                              c:/st/stm32cubeide_1.4.0/stm32cubeide/plugins/com.st.stm32cube.ide.mcu.externaltools.gnu-tools-for-stm32.7-2018-q2-update.win32_1.4.0.202007081208/tools/bin/../lib/gcc/arm-none-eabi/7.3.1/../../../../arm-none-eabi/lib/thumb/v7e-m/fpv5/hard\libc_nano.a(lib_a-malloc.o) (_free_r)
c:/st/stm32cubeide_1.4.0/stm32cubeide/plugins/com.st.stm32cube.ide.mcu.externaltools.gnu-tools-for-stm32.7-2018-q2-update.win32_1.4.0.202007081208/tools/bin/../lib/gcc/arm-none-eabi/7.3.1/../../../../arm-none-eabi/lib/thumb/v7e-m/fpv5/hard\libc_nano.a(lib_a-nano-mallocr.o)
                              c:/st/stm32cubeide_1.4.0/stm32cubeide/plugins/com.st.stm32cube.ide.mcu.externaltools.gnu-tools-for-stm32.7-2018-q2-update.win32_1.4.0.202007081208/tools/bin/../lib/gcc/arm-none-eabi/7.3.1/../../../../arm-none-eabi/lib/thumb/v7e-m/fpv5/hard\libc_nano.a(lib_a-malloc.o) (_malloc_r)
[...]
Memory Configuration

Name             Origin             Length             Attributes
DTCMRAM          0x0000000020000000 0x0000000000020000 xrw
ITCMRAM          0x0000000000000000 0x0000000000010000 xrw
RAM_D1           0x0000000024000000 0x0000000000080000 xrw
RAM_D2           0x0000000030000000 0x0000000000048000 xrw
RAM_D3           0x0000000038000000 0x0000000000010000 xrw
FLASH            0x0000000008000000 0x0000000000200000 xr
*default*        0x0000000000000000 0xffffffffffffffff

Linker script and memory map

LOAD c:/st/stm32cubeide_1.4.0/stm32cubeide/plugins/com.st.stm32cube.ide.mcu.externaltools.gnu-tools-for-stm32.7-2018-q2-update.win32_1.4.0.202007081208/tools/bin/../lib/gcc/arm-none-eabi/7.3.1/thumb/v7e-m/fpv5/hard/crti.o
LOAD c:/st/stm32cubeide_1.4.0/stm32cubeide/plugins/com.st.stm32cube.ide.mcu.externaltools.gnu-tools-for-stm32.7-2018-q2-update.win32_1.4.0.202007081208/tools/bin/../lib/gcc/arm-none-eabi/7.3.1/thumb/v7e-m/fpv5/hard/crtbegin.o
LOAD c:/st/stm32cubeide_1.4.0/stm32cubeide/plugins/com.st.stm32cube.ide.mcu.externaltools.gnu-tools-for-stm32.7-2018-q2-update.win32_1.4.0.202007081208/tools/bin/../lib/gcc/arm-none-eabi/7.3.1/../../../../arm-none-eabi/lib/thumb/v7e-m/fpv5/hard/crt0.o
LOAD Core/Src/cnn.o
LOAD Core/Src/jwread.o
LOAD Core/Src/main.o
LOAD Core/Src/stm32h7xx_hal_msp.o
LOAD Core/Src/stm32h7xx_it.o
LOAD Core/Src/syscalls.o
LOAD Core/Src/sysmem.o
LOAD Core/Src/system_stm32h7xx.o
LOAD Core/Startup/startup_stm32h743zitx.o
LOAD Drivers/STM32H7xx_HAL_Driver/Src/stm32h7xx_hal.o
LOAD Drivers/STM32H7xx_HAL_Driver/Src/stm32h7xx_hal_cortex.o
LOAD Drivers/STM32H7xx_HAL_Driver/Src/stm32h7xx_hal_dma.o
LOAD Drivers/STM32H7xx_HAL_Driver/Src/stm32h7xx_hal_dma_ex.o
LOAD Drivers/STM32H7xx_HAL_Driver/Src/stm32h7xx_hal_eth.o
LOAD Drivers/STM32H7xx_HAL_Driver/Src/stm32h7xx_hal_eth_ex.o
LOAD Drivers/STM32H7xx_HAL_Driver/Src/stm32h7xx_hal_exti.o
LOAD Drivers/STM32H7xx_HAL_Driver/Src/stm32h7xx_hal_flash.o
LOAD Drivers/STM32H7xx_HAL_Driver/Src/stm32h7xx_hal_flash_ex.o
LOAD Drivers/STM32H7xx_HAL_Driver/Src/stm32h7xx_hal_gpio.o
LOAD Drivers/STM32H7xx_HAL_Driver/Src/stm32h7xx_hal_hcd.o
LOAD Drivers/STM32H7xx_HAL_Driver/Src/stm32h7xx_hal_hsem.o
LOAD Drivers/STM32H7xx_HAL_Driver/Src/stm32h7xx_hal_i2c.o
LOAD Drivers/STM32H7xx_HAL_Driver/Src/stm32h7xx_hal_i2c_ex.o
LOAD Drivers/STM32H7xx_HAL_Driver/Src/stm32h7xx_hal_mdma.o
LOAD Drivers/STM32H7xx_HAL_Driver/Src/stm32h7xx_hal_pwr.o
LOAD Drivers/STM32H7xx_HAL_Driver/Src/stm32h7xx_hal_pwr_ex.o
LOAD Drivers/STM32H7xx_HAL_Driver/Src/stm32h7xx_hal_rcc.o
LOAD Drivers/STM32H7xx_HAL_Driver/Src/stm32h7xx_hal_rcc_ex.o
LOAD Drivers/STM32H7xx_HAL_Driver/Src/stm32h7xx_hal_tim.o
LOAD Drivers/STM32H7xx_HAL_Driver/Src/stm32h7xx_hal_tim_ex.o
LOAD Drivers/STM32H7xx_HAL_Driver/Src/stm32h7xx_hal_uart.o
LOAD Drivers/STM32H7xx_HAL_Driver/Src/stm32h7xx_hal_uart_ex.o
LOAD Drivers/STM32H7xx_HAL_Driver/Src/stm32h7xx_ll_usb.o
LOAD FATFS/App/fatfs.o
LOAD FATFS/Target/usbh_diskio.o
LOAD Middlewares/ST/STM32_USB_Host_Library/Class/MSC/Src/usbh_msc.o
LOAD Middlewares/ST/STM32_USB_Host_Library/Class/MSC/Src/usbh_msc_bot.o
LOAD Middlewares/ST/STM32_USB_Host_Library/Class/MSC/Src/usbh_msc_scsi.o
LOAD Middlewares/ST/STM32_USB_Host_Library/Core/Src/usbh_core.o
LOAD Middlewares/ST/STM32_USB_Host_Library/Core/Src/usbh_ctlreq.o
LOAD Middlewares/ST/STM32_USB_Host_Library/Core/Src/usbh_ioreq.o
LOAD Middlewares/ST/STM32_USB_Host_Library/Core/Src/usbh_pipes.o
LOAD Middlewares/Third_Party/FatFs/src/diskio.o
LOAD Middlewares/Third_Party/FatFs/src/ff.o
LOAD Middlewares/Third_Party/FatFs/src/ff_gen_drv.o
LOAD Middlewares/Third_Party/FatFs/src/option/syscall.o
LOAD USB_HOST/App/usb_host.o
LOAD USB_HOST/Target/usbh_conf.o
LOAD USB_HOST/Target/usbh_platform.o
START GROUP
LOAD c:/st/stm32cubeide_1.4.0/stm32cubeide/plugins/com.st.stm32cube.ide.mcu.externaltools.gnu-tools-for-stm32.7-2018-q2-update.win32_1.4.0.202007081208/tools/bin/../lib/gcc/arm-none-eabi/7.3.1/../../../../arm-none-eabi/lib/thumb/v7e-m/fpv5/hard\libc_nano.a
LOAD c:/st/stm32cubeide_1.4.0/stm32cubeide/plugins/com.st.stm32cube.ide.mcu.externaltools.gnu-tools-for-stm32.7-2018-q2-update.win32_1.4.0.202007081208/tools/bin/../lib/gcc/arm-none-eabi/7.3.1/../../../../arm-none-eabi/lib/thumb/v7e-m/fpv5/hard\libm.a
END GROUP
START GROUP
LOAD c:/st/stm32cubeide_1.4.0/stm32cubeide/plugins/com.st.stm32cube.ide.mcu.externaltools.gnu-tools-for-stm32.7-2018-q2-update.win32_1.4.0.202007081208/tools/bin/../lib/gcc/arm-none-eabi/7.3.1/thumb/v7e-m/fpv5/hard\libgcc.a
LOAD c:/st/stm32cubeide_1.4.0/stm32cubeide/plugins/com.st.stm32cube.ide.mcu.externaltools.gnu-tools-for-stm32.7-2018-q2-update.win32_1.4.0.202007081208/tools/bin/../lib/gcc/arm-none-eabi/7.3.1/../../../../arm-none-eabi/lib/thumb/v7e-m/fpv5/hard\libc_nano.a
END GROUP
START GROUP
LOAD c:/st/stm32cubeide_1.4.0/stm32cubeide/plugins/com.st.stm32cube.ide.mcu.externaltools.gnu-tools-for-stm32.7-2018-q2-update.win32_1.4.0.202007081208/tools/bin/../lib/gcc/arm-none-eabi/7.3.1/thumb/v7e-m/fpv5/hard\libgcc.a
LOAD c:/st/stm32cubeide_1.4.0/stm32cubeide/plugins/com.st.stm32cube.ide.mcu.externaltools.gnu-tools-for-stm32.7-2018-q2-update.win32_1.4.0.202007081208/tools/bin/../lib/gcc/arm-none-eabi/7.3.1/../../../../arm-none-eabi/lib/thumb/v7e-m/fpv5/hard\libc_nano.a
LOAD c:/st/stm32cubeide_1.4.0/stm32cubeide/plugins/com.st.stm32cube.ide.mcu.externaltools.gnu-tools-for-stm32.7-2018-q2-update.win32_1.4.0.202007081208/tools/bin/../lib/gcc/arm-none-eabi/7.3.1/../../../../arm-none-eabi/lib/thumb/v7e-m/fpv5/hard\libnosys.a
END GROUP
START GROUP
LOAD c:/st/stm32cubeide_1.4.0/stm32cubeide/plugins/com.st.stm32cube.ide.mcu.externaltools.gnu-tools-for-stm32.7-2018-q2-update.win32_1.4.0.202007081208/tools/bin/../lib/gcc/arm-none-eabi/7.3.1/thumb/v7e-m/fpv5/hard\libgcc.a
LOAD c:/st/stm32cubeide_1.4.0/stm32cubeide/plugins/com.st.stm32cube.ide.mcu.externaltools.gnu-tools-for-stm32.7-2018-q2-update.win32_1.4.0.202007081208/tools/bin/../lib/gcc/arm-none-eabi/7.3.1/../../../../arm-none-eabi/lib/thumb/v7e-m/fpv5/hard\libc_nano.a
LOAD c:/st/stm32cubeide_1.4.0/stm32cubeide/plugins/com.st.stm32cube.ide.mcu.externaltools.gnu-tools-for-stm32.7-2018-q2-update.win32_1.4.0.202007081208/tools/bin/../lib/gcc/arm-none-eabi/7.3.1/../../../../arm-none-eabi/lib/thumb/v7e-m/fpv5/hard\libnosys.a
END GROUP
LOAD c:/st/stm32cubeide_1.4.0/stm32cubeide/plugins/com.st.stm32cube.ide.mcu.externaltools.gnu-tools-for-stm32.7-2018-q2-update.win32_1.4.0.202007081208/tools/bin/../lib/gcc/arm-none-eabi/7.3.1/thumb/v7e-m/fpv5/hard/crtend.o
LOAD c:/st/stm32cubeide_1.4.0/stm32cubeide/plugins/com.st.stm32cube.ide.mcu.externaltools.gnu-tools-for-stm32.7-2018-q2-update.win32_1.4.0.202007081208/tools/bin/../lib/gcc/arm-none-eabi/7.3.1/thumb/v7e-m/fpv5/hard/crtn.o
                0x0000000024080000                _estack = (ORIGIN (RAM_D1) + LENGTH (RAM_D1))
                0x0000000000000200                _Min_Heap_Size = 0x200
                0x0000000000000400                _Min_Stack_Size = 0x400

.isr_vector     0x0000000008000000      0x298
                0x0000000008000000                . = ALIGN (0x4)
 *(.isr_vector)
 .isr_vector    0x0000000008000000      0x298 Core/Startup/startup_stm32h743zitx.o
                0x0000000008000000                g_pfnVectors
                0x0000000008000298                . = ALIGN (0x4)

.text           0x0000000008000298    0x15440
                0x0000000008000298                . = ALIGN (0x4)
 *(.text)
 .text          0x0000000008000298       0x40 c:/st/stm32cubeide_1.4.0/stm32cubeide/plugins/com.st.stm32cube.ide.mcu.externaltools.gnu-tools-for-stm32.7-2018-q2-update.win32_1.4.0.202007081208/tools/bin/../lib/gcc/arm-none-eabi/7.3.1/thumb/v7e-m/fpv5/hard/crtbegin.o
 .text          0x00000000080002d8       0x10 c:/st/stm32cubeide_1.4.0/stm32cubeide/plugins/com.st.stm32cube.ide.mcu.externaltools.gnu-tools-for-stm32.7-2018-q2-update.win32_1.4.0.202007081208/tools/bin/../lib/gcc/arm-none-eabi/7.3.1/../../../../arm-none-eabi/lib/thumb/v7e-m/fpv5/hard\libc_nano.a(lib_a-strlen.o)
                0x00000000080002d8                strlen
 .text          0x00000000080002e8       0x30 c:/st/stm32cubeide_1.4.0/stm32cubeide/plugins/com.st.stm32cube.ide.mcu.externaltools.gnu-tools-for-stm32.7-2018-q2-update.win32_1.4.0.202007081208/tools/bin/../lib/gcc/arm-none-eabi/7.3.1/thumb/v7e-m/fpv5/hard\libgcc.a(_aeabi_uldivmod.o)
                0x00000000080002e8                __aeabi_uldivmod
 .text          0x0000000008000318      0x2cc c:/st/stm32cubeide_1.4.0/stm32cubeide/plugins/com.st.stm32cube.ide.mcu.externaltools.gnu-tools-for-stm32.7-2018-q2-update.win32_1.4.0.202007081208/tools/bin/../lib/gcc/arm-none-eabi/7.3.1/thumb/v7e-m/fpv5/hard\libgcc.a(_udivmoddi4.o)
                0x0000000008000318                __udivmoddi4
 .text          0x00000000080005e4        0x4 c:/st/stm32cubeide_1.4.0/stm32cubeide/plugins/com.st.stm32cube.ide.mcu.externaltools.gnu-tools-for-stm32.7-2018-q2-update.win32_1.4.0.202007081208/tools/bin/../lib/gcc/arm-none-eabi/7.3.1/thumb/v7e-m/fpv5/hard\libgcc.a(_dvmd_tls.o)
                0x00000000080005e4                __aeabi_idiv0
                0x00000000080005e4                __aeabi_ldiv0
 *(.text*)
 .text.conv     0x00000000080005e8      0x454 Core/Src/cnn.o
                0x00000000080005e8                conv
 .text.convInPlace
                0x0000000008000a3c      0x2e2 Core/Src/cnn.o
                0x0000000008000a3c                convInPlace
 .text.reluInPlace
                0x0000000008000d1e       0xd4 Core/Src/cnn.o
                0x0000000008000d1e                reluInPlace
 .text.convAdd  0x0000000008000df2      0x30e Core/Src/cnn.o
                0x0000000008000df2                convAdd
 .text.estResult
                0x0000000008001100      0x106 Core/Src/cnn.o
                0x0000000008001100                estResult
 .text.ProcessBmp
                0x0000000008001206       0x78 Core/Src/jwread.o
                0x0000000008001206                ProcessBmp
 *fill*         0x000000000800127e        0x2 
 .text.main     0x0000000008001280     0x3e20 Core/Src/main.o
                0x0000000008001280                main
 .text.SystemClock_Config
                0x00000000080050a0      0x174 Core/Src/main.o
                0x00000000080050a0                SystemClock_Config
 .text.MX_ETH_Init
                0x0000000008005214       0xa4 Core/Src/main.o
 .text.MX_USART3_UART_Init
                0x00000000080052b8       0x98 Core/Src/main.o
 .text.MX_GPIO_Init
                0x0000000008005350      0x1e0 Core/Src/main.o
 .text.Error_Handler
                0x0000000008005530       0x18 Core/Src/main.o
                0x0000000008005530                Error_Handler
 .text.HAL_MspInit
                0x0000000008005548       0x34 Core/Src/stm32h7xx_hal_msp.o
                0x0000000008005548                HAL_MspInit
 .text.HAL_ETH_MspInit
                0x000000000800557c      0x19c Core/Src/stm32h7xx_hal_msp.o
                0x000000000800557c                HAL_ETH_MspInit
 .text.HAL_UART_MspInit
                0x0000000008005718       0x94 Core/Src/stm32h7xx_hal_msp.o
                0x0000000008005718                HAL_UART_MspInit
 .text.NMI_Handler
                0x00000000080057ac        0xe Core/Src/stm32h7xx_it.o
                0x00000000080057ac                NMI_Handler
 .text.HardFault_Handler
                0x00000000080057ba        0x6 Core/Src/stm32h7xx_it.o
                0x00000000080057ba                HardFault_Handler
 .text.MemManage_Handler
                0x00000000080057c0        0x6 Core/Src/stm32h7xx_it.o
                0x00000000080057c0                MemManage_Handler
 .text.BusFault_Handler
                0x00000000080057c6        0x6 Core/Src/stm32h7xx_it.o
                0x00000000080057c6                BusFault_Handler
 .text.UsageFault_Handler
                0x00000000080057cc        0x6 Core/Src/stm32h7xx_it.o
                0x00000000080057cc                UsageFault_Handler
 .text.SVC_Handler
                0x00000000080057d2        0xe Core/Src/stm32h7xx_it.o
                0x00000000080057d2                SVC_Handler
 .text.DebugMon_Handler
                0x00000000080057e0        0xe Core/Src/stm32h7xx_it.o
                0x00000000080057e0                DebugMon_Handler
 .text.PendSV_Handler
                0x00000000080057ee        0xe Core/Src/stm32h7xx_it.o
                0x00000000080057ee                PendSV_Handler
 .text.SysTick_Handler
                0x00000000080057fc        0xc Core/Src/stm32h7xx_it.o
                0x00000000080057fc                SysTick_Handler
 .text.OTG_FS_IRQHandler
                0x0000000008005808       0x14 Core/Src/stm32h7xx_it.o
                0x0000000008005808                OTG_FS_IRQHandler
 .text._sbrk    0x000000000800581c       0x6c Core/Src/sysmem.o
                0x000000000800581c                _sbrk
 .text.SystemInit
                0x0000000008005888      0x118 Core/Src/system_stm32h7xx.o
                0x0000000008005888                SystemInit
 .text.Reset_Handler
                0x00000000080059a0       0x50 Core/Startup/startup_stm32h743zitx.o
                0x00000000080059a0                Reset_Handler
 .text.Default_Handler
                0x00000000080059f0        0x2 Core/Startup/startup_stm32h743zitx.o
                0x00000000080059f0                RTC_Alarm_IRQHandler
                0x00000000080059f0                EXTI2_IRQHandler
                0x00000000080059f0                TIM8_CC_IRQHandler
                0x00000000080059f0                HRTIM1_Master_IRQHandler
                0x00000000080059f0                UART8_IRQHandler
                0x00000000080059f0                SPI4_IRQHandler
                0x00000000080059f0                TIM1_CC_IRQHandler
                0x00000000080059f0                BDMA_Channel6_IRQHandler
                0x00000000080059f0                DMA2_Stream5_IRQHandler
                0x00000000080059f0                HRTIM1_FLT_IRQHandler
                0x00000000080059f0                JPEG_IRQHandler
                0x00000000080059f0                DMA1_Stream5_IRQHandler
                0x00000000080059f0                BDMA_Channel1_IRQHandler
                0x00000000080059f0                HRTIM1_TIMD_IRQHandler
                0x00000000080059f0                TAMP_STAMP_IRQHandler
                0x00000000080059f0                EXTI3_IRQHandler
                0x00000000080059f0                LPTIM4_IRQHandler
                0x00000000080059f0                TIM8_TRG_COM_TIM14_IRQHandler
                0x00000000080059f0                LPTIM2_IRQHandler
                0x00000000080059f0                DFSDM1_FLT1_IRQHandler
                0x00000000080059f0                DMAMUX2_OVR_IRQHandler
                0x00000000080059f0                TIM8_UP_TIM13_IRQHandler
                0x00000000080059f0                I2C3_ER_IRQHandler
                0x00000000080059f0                DFSDM1_FLT2_IRQHandler
                0x00000000080059f0                MDMA_IRQHandler
                0x00000000080059f0                LPTIM3_IRQHandler
                0x00000000080059f0                HSEM1_IRQHandler
                0x00000000080059f0                EXTI0_IRQHandler
                0x00000000080059f0                I2C2_EV_IRQHandler
                0x00000000080059f0                DMA1_Stream2_IRQHandler
                0x00000000080059f0                FPU_IRQHandler
                0x00000000080059f0                OTG_HS_WKUP_IRQHandler
                0x00000000080059f0                FDCAN1_IT1_IRQHandler
                0x00000000080059f0                LTDC_ER_IRQHandler
                0x00000000080059f0                DMA2_Stream2_IRQHandler
                0x00000000080059f0                HRTIM1_TIME_IRQHandler
                0x00000000080059f0                SPI1_IRQHandler
                0x00000000080059f0                TIM6_DAC_IRQHandler
                0x00000000080059f0                DCMI_IRQHandler
                0x00000000080059f0                HRTIM1_TIMC_IRQHandler
                0x00000000080059f0                DMA2_Stream3_IRQHandler
                0x00000000080059f0                SAI2_IRQHandler
                0x00000000080059f0                DFSDM1_FLT3_IRQHandler
                0x00000000080059f0                USART6_IRQHandler
                0x00000000080059f0                TIM17_IRQHandler
                0x00000000080059f0                USART3_IRQHandler
                0x00000000080059f0                BDMA_Channel7_IRQHandler
                0x00000000080059f0                LPTIM5_IRQHandler
                0x00000000080059f0                UART5_IRQHandler
                0x00000000080059f0                ADC3_IRQHandler
                0x00000000080059f0                DMA2_Stream0_IRQHandler
                0x00000000080059f0                TIM4_IRQHandler
                0x00000000080059f0                BDMA_Channel2_IRQHandler
                0x00000000080059f0                QUADSPI_IRQHandler
                0x00000000080059f0                I2C1_EV_IRQHandler
                0x00000000080059f0                DMA1_Stream6_IRQHandler
                0x00000000080059f0                DMAMUX1_OVR_IRQHandler
                0x00000000080059f0                DMA1_Stream1_IRQHandler
                0x00000000080059f0                TIM16_IRQHandler
                0x00000000080059f0                UART4_IRQHandler
                0x00000000080059f0                BDMA_Channel5_IRQHandler
                0x00000000080059f0                TIM3_IRQHandler
                0x00000000080059f0                RCC_IRQHandler
                0x00000000080059f0                TIM8_BRK_TIM12_IRQHandler
                0x00000000080059f0                TIM1_TRG_COM_IRQHandler
                0x00000000080059f0                Default_Handler
                0x00000000080059f0                ECC_IRQHandler
                0x00000000080059f0                CEC_IRQHandler
                0x00000000080059f0                EXTI15_10_IRQHandler
                0x00000000080059f0                BDMA_Channel0_IRQHandler
                0x00000000080059f0                ADC_IRQHandler
                0x00000000080059f0                DMA1_Stream7_IRQHandler
                0x00000000080059f0                HRTIM1_TIMA_IRQHandler
                0x00000000080059f0                SPI5_IRQHandler
                0x00000000080059f0                TIM7_IRQHandler
                0x00000000080059f0                SDMMC1_IRQHandler
                0x00000000080059f0                TIM5_IRQHandler
                0x00000000080059f0                DMA2_Stream7_IRQHandler
                0x00000000080059f0                TIM15_IRQHandler
                0x00000000080059f0                PVD_AVD_IRQHandler
                0x00000000080059f0                I2C3_EV_IRQHandler
                0x00000000080059f0                EXTI9_5_IRQHandler
                0x00000000080059f0                RTC_WKUP_IRQHandler
                0x00000000080059f0                LTDC_IRQHandler
                0x00000000080059f0                SAI3_IRQHandler
                0x00000000080059f0                ETH_WKUP_IRQHandler
                0x00000000080059f0                SPDIF_RX_IRQHandler
                0x00000000080059f0                SPI2_IRQHandler
                0x00000000080059f0                OTG_HS_EP1_IN_IRQHandler
                0x00000000080059f0                DMA1_Stream0_IRQHandler
                0x00000000080059f0                CRS_IRQHandler
                0x00000000080059f0                EXTI4_IRQHandler
                0x00000000080059f0                RNG_IRQHandler
                0x00000000080059f0                HRTIM1_TIMB_IRQHandler
                0x00000000080059f0                FDCAN2_IT1_IRQHandler
                0x00000000080059f0                ETH_IRQHandler
                0x00000000080059f0                TIM1_UP_IRQHandler
                0x00000000080059f0                BDMA_Channel4_IRQHandler
                0x00000000080059f0                OTG_HS_EP1_OUT_IRQHandler
                0x00000000080059f0                WWDG_IRQHandler
                0x00000000080059f0                SPI6_IRQHandler
                0x00000000080059f0                MDIOS_IRQHandler
                0x00000000080059f0                I2C4_EV_IRQHandler
                0x00000000080059f0                FDCAN2_IT0_IRQHandler
                0x00000000080059f0                LPUART1_IRQHandler
                0x00000000080059f0                FDCAN1_IT0_IRQHandler
                0x00000000080059f0                TIM2_IRQHandler
                0x00000000080059f0                OTG_FS_WKUP_IRQHandler
                0x00000000080059f0                OTG_HS_IRQHandler
                0x00000000080059f0                DMA2D_IRQHandler
                0x00000000080059f0                TIM1_BRK_IRQHandler
                0x00000000080059f0                EXTI1_IRQHandler
                0x00000000080059f0                SDMMC2_IRQHandler
                0x00000000080059f0                OTG_FS_EP1_OUT_IRQHandler
                0x00000000080059f0                BDMA_Channel3_IRQHandler
                0x00000000080059f0                UART7_IRQHandler
                0x00000000080059f0                MDIOS_WKUP_IRQHandler
                0x00000000080059f0                USART2_IRQHandler
                0x00000000080059f0                DFSDM1_FLT0_IRQHandler
                0x00000000080059f0                SAI4_IRQHandler
                0x00000000080059f0                I2C2_ER_IRQHandler
                0x00000000080059f0                DMA2_Stream1_IRQHandler
                0x00000000080059f0                FLASH_IRQHandler
                0x00000000080059f0                DMA2_Stream4_IRQHandler
                0x00000000080059f0                USART1_IRQHandler
                0x00000000080059f0                SPI3_IRQHandler
                0x00000000080059f0                WAKEUP_PIN_IRQHandler
                0x00000000080059f0                DMA1_Stream4_IRQHandler
                0x00000000080059f0                OTG_FS_EP1_IN_IRQHandler
                0x00000000080059f0                I2C1_ER_IRQHandler
                0x00000000080059f0                FMC_IRQHandler
                0x00000000080059f0                FDCAN_CAL_IRQHandler
                0x00000000080059f0                SWPMI1_IRQHandler
                0x00000000080059f0                COMP1_IRQHandler
                0x00000000080059f0                LPTIM1_IRQHandler
                0x00000000080059f0                I2C4_ER_IRQHandler
                0x00000000080059f0                DMA2_Stream6_IRQHandler
                0x00000000080059f0                SAI1_IRQHandler
                0x00000000080059f0                DMA1_Stream3_IRQHandler
 *fill*         0x00000000080059f2        0x2 
 .text.HAL_Init
                0x00000000080059f4       0x78 Drivers/STM32H7xx_HAL_Driver/Src/stm32h7xx_hal.o
                0x00000000080059f4                HAL_Init
 .text.HAL_InitTick
                0x0000000008005a6c       0x6c Drivers/STM32H7xx_HAL_Driver/Src/stm32h7xx_hal.o
                0x0000000008005a6c                HAL_InitTick
 .text.HAL_IncTick
                0x0000000008005ad8       0x28 Drivers/STM32H7xx_HAL_Driver/Src/stm32h7xx_hal.o
                0x0000000008005ad8                HAL_IncTick
 .text.HAL_GetTick
                0x0000000008005b00       0x18 Drivers/STM32H7xx_HAL_Driver/Src/stm32h7xx_hal.o
                0x0000000008005b00                HAL_GetTick
 .text.HAL_Delay
                0x0000000008005b18       0x44 Drivers/STM32H7xx_HAL_Driver/Src/stm32h7xx_hal.o
                0x0000000008005b18                HAL_Delay
 .text.HAL_GetREVID
                0x0000000008005b5c       0x18 Drivers/STM32H7xx_HAL_Driver/Src/stm32h7xx_hal.o
                0x0000000008005b5c                HAL_GetREVID
 .text.HAL_SYSCFG_ETHInterfaceSelect
                0x0000000008005b74       0x28 Drivers/STM32H7xx_HAL_Driver/Src/stm32h7xx_hal.o
                0x0000000008005b74                HAL_SYSCFG_ETHInterfaceSelect
 .text.__NVIC_SetPriorityGrouping
                0x0000000008005b9c       0x48 Drivers/STM32H7xx_HAL_Driver/Src/stm32h7xx_hal_cortex.o
 .text.__NVIC_GetPriorityGrouping
                0x0000000008005be4       0x1c Drivers/STM32H7xx_HAL_Driver/Src/stm32h7xx_hal_cortex.o
 .text.__NVIC_EnableIRQ
                0x0000000008005c00       0x3c Drivers/STM32H7xx_HAL_Driver/Src/stm32h7xx_hal_cortex.o
 .text.__NVIC_SetPriority
                0x0000000008005c3c       0x54 Drivers/STM32H7xx_HAL_Driver/Src/stm32h7xx_hal_cortex.o
 .text.NVIC_EncodePriority
                0x0000000008005c90       0x66 Drivers/STM32H7xx_HAL_Driver/Src/stm32h7xx_hal_cortex.o
 *fill*         0x0000000008005cf6        0x2 
 .text.SysTick_Config
                0x0000000008005cf8       0x44 Drivers/STM32H7xx_HAL_Driver/Src/stm32h7xx_hal_cortex.o
 .text.HAL_NVIC_SetPriorityGrouping
                0x0000000008005d3c       0x16 Drivers/STM32H7xx_HAL_Driver/Src/stm32h7xx_hal_cortex.o
                0x0000000008005d3c                HAL_NVIC_SetPriorityGrouping
 .text.HAL_NVIC_SetPriority
                0x0000000008005d52       0x34 Drivers/STM32H7xx_HAL_Driver/Src/stm32h7xx_hal_cortex.o
                0x0000000008005d52                HAL_NVIC_SetPriority
 .text.HAL_NVIC_EnableIRQ
                0x0000000008005d86       0x1c Drivers/STM32H7xx_HAL_Driver/Src/stm32h7xx_hal_cortex.o
                0x0000000008005d86                HAL_NVIC_EnableIRQ
 .text.HAL_SYSTICK_Config
                0x0000000008005da2       0x18 Drivers/STM32H7xx_HAL_Driver/Src/stm32h7xx_hal_cortex.o
                0x0000000008005da2                HAL_SYSTICK_Config
 *fill*         0x0000000008005dba        0x2 
 .text.HAL_ETH_Init
                0x0000000008005dbc      0x1b4 Drivers/STM32H7xx_HAL_Driver/Src/stm32h7xx_hal_eth.o
                0x0000000008005dbc                HAL_ETH_Init
 .text.ETH_SetMACConfig
                0x0000000008005f70      0x238 Drivers/STM32H7xx_HAL_Driver/Src/stm32h7xx_hal_eth.o
 .text.ETH_SetDMAConfig
                0x00000000080061a8      0x10c Drivers/STM32H7xx_HAL_Driver/Src/stm32h7xx_hal_eth.o
 .text.ETH_MACDMAConfig
                0x00000000080062b4      0x13a Drivers/STM32H7xx_HAL_Driver/Src/stm32h7xx_hal_eth.o
 *fill*         0x00000000080063ee        0x2 
 .text.ETH_MAC_MDIO_ClkConfig
                0x00000000080063f0       0xb0 Drivers/STM32H7xx_HAL_Driver/Src/stm32h7xx_hal_eth.o
 .text.ETH_DMATxDescListInit
                0x00000000080064a0       0x8e Drivers/STM32H7xx_HAL_Driver/Src/stm32h7xx_hal_eth.o
 .text.ETH_DMARxDescListInit
                0x000000000800652e       0xba Drivers/STM32H7xx_HAL_Driver/Src/stm32h7xx_hal_eth.o
 .text.HAL_GPIO_Init
                0x00000000080065e8      0x360 Drivers/STM32H7xx_HAL_Driver/Src/stm32h7xx_hal_gpio.o
                0x00000000080065e8                HAL_GPIO_Init
 .text.HAL_GPIO_WritePin
                0x0000000008006948       0x32 Drivers/STM32H7xx_HAL_Driver/Src/stm32h7xx_hal_gpio.o
                0x0000000008006948                HAL_GPIO_WritePin
 .text.HAL_HCD_Init
                0x000000000800697a       0xc4 Drivers/STM32H7xx_HAL_Driver/Src/stm32h7xx_hal_hcd.o
                0x000000000800697a                HAL_HCD_Init
 .text.HAL_HCD_HC_Init
                0x0000000008006a3e      0x130 Drivers/STM32H7xx_HAL_Driver/Src/stm32h7xx_hal_hcd.o
                0x0000000008006a3e                HAL_HCD_HC_Init
 .text.HAL_HCD_HC_Halt
                0x0000000008006b6e       0x46 Drivers/STM32H7xx_HAL_Driver/Src/stm32h7xx_hal_hcd.o
                0x0000000008006b6e                HAL_HCD_HC_Halt
 .text.HAL_HCD_HC_SubmitRequest
                0x0000000008006bb4      0x2e4 Drivers/STM32H7xx_HAL_Driver/Src/stm32h7xx_hal_hcd.o
                0x0000000008006bb4                HAL_HCD_HC_SubmitRequest
 .text.HAL_HCD_IRQHandler
                0x0000000008006e98      0x208 Drivers/STM32H7xx_HAL_Driver/Src/stm32h7xx_hal_hcd.o
                0x0000000008006e98                HAL_HCD_IRQHandler
 .text.HAL_HCD_Start
                0x00000000080070a0       0x46 Drivers/STM32H7xx_HAL_Driver/Src/stm32h7xx_hal_hcd.o
                0x00000000080070a0                HAL_HCD_Start
 .text.HAL_HCD_Stop
                0x00000000080070e6       0x3a Drivers/STM32H7xx_HAL_Driver/Src/stm32h7xx_hal_hcd.o
                0x00000000080070e6                HAL_HCD_Stop
 .text.HAL_HCD_ResetPort
                0x0000000008007120       0x1c Drivers/STM32H7xx_HAL_Driver/Src/stm32h7xx_hal_hcd.o
                0x0000000008007120                HAL_HCD_ResetPort
 .text.HAL_HCD_HC_GetURBState
                0x000000000800713c       0x2a Drivers/STM32H7xx_HAL_Driver/Src/stm32h7xx_hal_hcd.o
                0x000000000800713c                HAL_HCD_HC_GetURBState
 .text.HAL_HCD_HC_GetXferCount
                0x0000000008007166       0x2a Drivers/STM32H7xx_HAL_Driver/Src/stm32h7xx_hal_hcd.o
                0x0000000008007166                HAL_HCD_HC_GetXferCount
 .text.HAL_HCD_GetCurrentFrame
                0x0000000008007190       0x1c Drivers/STM32H7xx_HAL_Driver/Src/stm32h7xx_hal_hcd.o
                0x0000000008007190                HAL_HCD_GetCurrentFrame
 .text.HAL_HCD_GetCurrentSpeed
                0x00000000080071ac       0x1c Drivers/STM32H7xx_HAL_Driver/Src/stm32h7xx_hal_hcd.o
                0x00000000080071ac                HAL_HCD_GetCurrentSpeed
 .text.HCD_HC_IN_IRQHandler
                0x00000000080071c8      0x86a Drivers/STM32H7xx_HAL_Driver/Src/stm32h7xx_hal_hcd.o
 .text.HCD_HC_OUT_IRQHandler
                0x0000000008007a32      0x6ea Drivers/STM32H7xx_HAL_Driver/Src/stm32h7xx_hal_hcd.o
 .text.HCD_RXQLVL_IRQHandler
                0x000000000800811c      0x158 Drivers/STM32H7xx_HAL_Driver/Src/stm32h7xx_hal_hcd.o
 .text.HCD_Port_IRQHandler
                0x0000000008008274       0xe6 Drivers/STM32H7xx_HAL_Driver/Src/stm32h7xx_hal_hcd.o
 *fill*         0x000000000800835a        0x2 
 .text.HAL_PWREx_ConfigSupply
                0x000000000800835c       0x74 Drivers/STM32H7xx_HAL_Driver/Src/stm32h7xx_hal_pwr_ex.o
                0x000000000800835c                HAL_PWREx_ConfigSupply
 .text.HAL_PWREx_EnableUSBVoltageDetector
                0x00000000080083d0       0x20 Drivers/STM32H7xx_HAL_Driver/Src/stm32h7xx_hal_pwr_ex.o
                0x00000000080083d0                HAL_PWREx_EnableUSBVoltageDetector
 .text.HAL_RCC_OscConfig
                0x00000000080083f0      0x820 Drivers/STM32H7xx_HAL_Driver/Src/stm32h7xx_hal_rcc.o
                0x00000000080083f0                HAL_RCC_OscConfig
 .text.HAL_RCC_ClockConfig
                0x0000000008008c10      0x36c Drivers/STM32H7xx_HAL_Driver/Src/stm32h7xx_hal_rcc.o
                0x0000000008008c10                HAL_RCC_ClockConfig
 .text.HAL_RCC_GetSysClockFreq
                0x0000000008008f7c      0x2e4 Drivers/STM32H7xx_HAL_Driver/Src/stm32h7xx_hal_rcc.o
                0x0000000008008f7c                HAL_RCC_GetSysClockFreq
 .text.HAL_RCC_GetHCLKFreq
                0x0000000008009260       0x60 Drivers/STM32H7xx_HAL_Driver/Src/stm32h7xx_hal_rcc.o
                0x0000000008009260                HAL_RCC_GetHCLKFreq
 .text.HAL_RCC_GetPCLK1Freq
                0x00000000080092c0       0x2c Drivers/STM32H7xx_HAL_Driver/Src/stm32h7xx_hal_rcc.o
                0x00000000080092c0                HAL_RCC_GetPCLK1Freq
 .text.HAL_RCC_GetPCLK2Freq
                0x00000000080092ec       0x2c Drivers/STM32H7xx_HAL_Driver/Src/stm32h7xx_hal_rcc.o
                0x00000000080092ec                HAL_RCC_GetPCLK2Freq
 .text.HAL_RCCEx_PeriphCLKConfig
                0x0000000008009318      0xddc Drivers/STM32H7xx_HAL_Driver/Src/stm32h7xx_hal_rcc_ex.o
                0x0000000008009318                HAL_RCCEx_PeriphCLKConfig
 .text.HAL_RCCEx_GetD3PCLK1Freq
                0x000000000800a0f4       0x2c Drivers/STM32H7xx_HAL_Driver/Src/stm32h7xx_hal_rcc_ex.o
                0x000000000800a0f4                HAL_RCCEx_GetD3PCLK1Freq
 .text.HAL_RCCEx_GetPLL2ClockFreq
                0x000000000800a120      0x298 Drivers/STM32H7xx_HAL_Driver/Src/stm32h7xx_hal_rcc_ex.o
                0x000000000800a120                HAL_RCCEx_GetPLL2ClockFreq
 .text.HAL_RCCEx_GetPLL3ClockFreq
                0x000000000800a3b8      0x298 Drivers/STM32H7xx_HAL_Driver/Src/stm32h7xx_hal_rcc_ex.o
                0x000000000800a3b8                HAL_RCCEx_GetPLL3ClockFreq
 .text.RCCEx_PLL2_Config
                0x000000000800a650      0x164 Drivers/STM32H7xx_HAL_Driver/Src/stm32h7xx_hal_rcc_ex.o
 .text.RCCEx_PLL3_Config
                0x000000000800a7b4      0x164 Drivers/STM32H7xx_HAL_Driver/Src/stm32h7xx_hal_rcc_ex.o
 .text.HAL_UART_Init
                0x000000000800a918       0xa0 Drivers/STM32H7xx_HAL_Driver/Src/stm32h7xx_hal_uart.o
                0x000000000800a918                HAL_UART_Init
 .text.UART_SetConfig
                0x000000000800a9b8      0xb60 Drivers/STM32H7xx_HAL_Driver/Src/stm32h7xx_hal_uart.o
                0x000000000800a9b8                UART_SetConfig
 .text.UART_AdvFeatureConfig
                0x000000000800b518      0x144 Drivers/STM32H7xx_HAL_Driver/Src/stm32h7xx_hal_uart.o
                0x000000000800b518                UART_AdvFeatureConfig
 .text.UART_CheckIdleState
                0x000000000800b65c       0x90 Drivers/STM32H7xx_HAL_Driver/Src/stm32h7xx_hal_uart.o
                0x000000000800b65c                UART_CheckIdleState
 .text.UART_WaitOnFlagUntilTimeout
                0x000000000800b6ec      0x100 Drivers/STM32H7xx_HAL_Driver/Src/stm32h7xx_hal_uart.o
                0x000000000800b6ec                UART_WaitOnFlagUntilTimeout
 .text.HAL_UARTEx_DisableFifoMode
                0x000000000800b7ec       0x72 Drivers/STM32H7xx_HAL_Driver/Src/stm32h7xx_hal_uart_ex.o
                0x000000000800b7ec                HAL_UARTEx_DisableFifoMode
 .text.HAL_UARTEx_SetTxFifoThreshold
                0x000000000800b85e       0x7c Drivers/STM32H7xx_HAL_Driver/Src/stm32h7xx_hal_uart_ex.o
                0x000000000800b85e                HAL_UARTEx_SetTxFifoThreshold
 .text.HAL_UARTEx_SetRxFifoThreshold
                0x000000000800b8da       0x7c Drivers/STM32H7xx_HAL_Driver/Src/stm32h7xx_hal_uart_ex.o
                0x000000000800b8da                HAL_UARTEx_SetRxFifoThreshold
 *fill*         0x000000000800b956        0x2 
 .text.UARTEx_SetNbDataToProcess
                0x000000000800b958       0xd0 Drivers/STM32H7xx_HAL_Driver/Src/stm32h7xx_hal_uart_ex.o
 .text.USB_CoreInit
                0x000000000800ba28       0xc4 Drivers/STM32H7xx_HAL_Driver/Src/stm32h7xx_ll_usb.o
                0x000000000800ba28                USB_CoreInit
 .text.USB_EnableGlobalInt
                0x000000000800baec       0x22 Drivers/STM32H7xx_HAL_Driver/Src/stm32h7xx_ll_usb.o
                0x000000000800baec                USB_EnableGlobalInt
 .text.USB_DisableGlobalInt
                0x000000000800bb0e       0x22 Drivers/STM32H7xx_HAL_Driver/Src/stm32h7xx_ll_usb.o
                0x000000000800bb0e                USB_DisableGlobalInt
 .text.USB_SetCurrentMode
                0x000000000800bb30       0x54 Drivers/STM32H7xx_HAL_Driver/Src/stm32h7xx_ll_usb.o
                0x000000000800bb30                USB_SetCurrentMode
 .text.USB_FlushTxFifo
                0x000000000800bb84       0x4c Drivers/STM32H7xx_HAL_Driver/Src/stm32h7xx_ll_usb.o
                0x000000000800bb84                USB_FlushTxFifo
 .text.USB_FlushRxFifo
                0x000000000800bbd0       0x44 Drivers/STM32H7xx_HAL_Driver/Src/stm32h7xx_ll_usb.o
                0x000000000800bbd0                USB_FlushRxFifo
 .text.USB_WritePacket
                0x000000000800bc14       0x6a Drivers/STM32H7xx_HAL_Driver/Src/stm32h7xx_ll_usb.o
                0x000000000800bc14                USB_WritePacket
 .text.USB_ReadPacket
                0x000000000800bc7e       0x52 Drivers/STM32H7xx_HAL_Driver/Src/stm32h7xx_ll_usb.o
                0x000000000800bc7e                USB_ReadPacket
 .text.USB_ReadInterrupts
                0x000000000800bcd0       0x26 Drivers/STM32H7xx_HAL_Driver/Src/stm32h7xx_ll_usb.o
                0x000000000800bcd0                USB_ReadInterrupts
 .text.USB_GetMode
                0x000000000800bcf6       0x1c Drivers/STM32H7xx_HAL_Driver/Src/stm32h7xx_ll_usb.o
                0x000000000800bcf6                USB_GetMode
 *fill*         0x000000000800bd12        0x2 
 .text.USB_CoreReset
                0x000000000800bd14       0x68 Drivers/STM32H7xx_HAL_Driver/Src/stm32h7xx_ll_usb.o
 .text.USB_HostInit
                0x000000000800bd7c      0x16c Drivers/STM32H7xx_HAL_Driver/Src/stm32h7xx_ll_usb.o
                0x000000000800bd7c                USB_HostInit
 .text.USB_InitFSLSPClkSel
                0x000000000800bee8       0x74 Drivers/STM32H7xx_HAL_Driver/Src/stm32h7xx_ll_usb.o
                0x000000000800bee8                USB_InitFSLSPClkSel
 .text.USB_ResetPort
                0x000000000800bf5c       0x54 Drivers/STM32H7xx_HAL_Driver/Src/stm32h7xx_ll_usb.o
                0x000000000800bf5c                USB_ResetPort
 .text.USB_DriveVbus
                0x000000000800bfb0       0x72 Drivers/STM32H7xx_HAL_Driver/Src/stm32h7xx_ll_usb.o
                0x000000000800bfb0                USB_DriveVbus
 .text.USB_GetHostSpeed
                0x000000000800c022       0x2e Drivers/STM32H7xx_HAL_Driver/Src/stm32h7xx_ll_usb.o
                0x000000000800c022                USB_GetHostSpeed
 .text.USB_GetCurrentFrame
                0x000000000800c050       0x22 Drivers/STM32H7xx_HAL_Driver/Src/stm32h7xx_ll_usb.o
                0x000000000800c050                USB_GetCurrentFrame
 *fill*         0x000000000800c072        0x2 
 .text.USB_HC_Init
                0x000000000800c074      0x214 Drivers/STM32H7xx_HAL_Driver/Src/stm32h7xx_ll_usb.o
                0x000000000800c074                USB_HC_Init
 .text.USB_HC_StartXfer
                0x000000000800c288      0x288 Drivers/STM32H7xx_HAL_Driver/Src/stm32h7xx_ll_usb.o
                0x000000000800c288                USB_HC_StartXfer
 .text.USB_HC_ReadInterrupt
                0x000000000800c510       0x22 Drivers/STM32H7xx_HAL_Driver/Src/stm32h7xx_ll_usb.o
                0x000000000800c510                USB_HC_ReadInterrupt
 .text.USB_HC_Halt
                0x000000000800c532      0x1fe Drivers/STM32H7xx_HAL_Driver/Src/stm32h7xx_ll_usb.o
                0x000000000800c532                USB_HC_Halt
 .text.USB_DoPing
                0x000000000800c730       0x78 Drivers/STM32H7xx_HAL_Driver/Src/stm32h7xx_ll_usb.o
                0x000000000800c730                USB_DoPing
 .text.USB_StopHost
                0x000000000800c7a8      0x10c Drivers/STM32H7xx_HAL_Driver/Src/stm32h7xx_ll_usb.o
                0x000000000800c7a8                USB_StopHost
 .text.MX_FATFS_Init
                0x000000000800c8b4       0x24 FATFS/App/fatfs.o
                0x000000000800c8b4                MX_FATFS_Init
 .text.get_fattime
                0x000000000800c8d8       0x10 FATFS/App/fatfs.o
                0x000000000800c8d8                get_fattime
 .text.USBH_initialize
                0x000000000800c8e8       0x18 FATFS/Target/usbh_diskio.o
                0x000000000800c8e8                USBH_initialize
 .text.USBH_status
                0x000000000800c900       0x38 FATFS/Target/usbh_diskio.o
                0x000000000800c900                USBH_status
 .text.USBH_read
                0x000000000800c938       0x70 FATFS/Target/usbh_diskio.o
                0x000000000800c938                USBH_read
 .text.USBH_write
                0x000000000800c9a8       0x84 FATFS/Target/usbh_diskio.o
                0x000000000800c9a8                USBH_write
 .text.USBH_ioctl
                0x000000000800ca2c       0xd8 FATFS/Target/usbh_diskio.o
                0x000000000800ca2c                USBH_ioctl
 .text.USBH_MSC_InterfaceInit
                0x000000000800cb04      0x216 Middlewares/ST/STM32_USB_Host_Library/Class/MSC/Src/usbh_msc.o
 .text.USBH_MSC_InterfaceDeInit
                0x000000000800cd1a       0x8c Middlewares/ST/STM32_USB_Host_Library/Class/MSC/Src/usbh_msc.o
 .text.USBH_MSC_ClassRequest
                0x000000000800cda6       0xc8 Middlewares/ST/STM32_USB_Host_Library/Class/MSC/Src/usbh_msc.o
 *fill*         0x000000000800ce6e        0x2 
 .text.USBH_MSC_Process
                0x000000000800ce70      0x520 Middlewares/ST/STM32_USB_Host_Library/Class/MSC/Src/usbh_msc.o
 .text.USBH_MSC_SOFProcess
                0x000000000800d390       0x16 Middlewares/ST/STM32_USB_Host_Library/Class/MSC/Src/usbh_msc.o
 .text.USBH_MSC_RdWrProcess
                0x000000000800d3a6      0x194 Middlewares/ST/STM32_USB_Host_Library/Class/MSC/Src/usbh_msc.o
 .text.USBH_MSC_UnitIsReady
                0x000000000800d53a       0x4c Middlewares/ST/STM32_USB_Host_Library/Class/MSC/Src/usbh_msc.o
                0x000000000800d53a                USBH_MSC_UnitIsReady
 .text.USBH_MSC_GetLUNInfo
                0x000000000800d586       0x48 Middlewares/ST/STM32_USB_Host_Library/Class/MSC/Src/usbh_msc.o
                0x000000000800d586                USBH_MSC_GetLUNInfo
 .text.USBH_MSC_Read
                0x000000000800d5ce       0xd2 Middlewares/ST/STM32_USB_Host_Library/Class/MSC/Src/usbh_msc.o
                0x000000000800d5ce                USBH_MSC_Read
 .text.USBH_MSC_Write
                0x000000000800d6a0       0xd2 Middlewares/ST/STM32_USB_Host_Library/Class/MSC/Src/usbh_msc.o
                0x000000000800d6a0                USBH_MSC_Write
 .text.USBH_MSC_BOT_REQ_Reset
                0x000000000800d772       0x3a Middlewares/ST/STM32_USB_Host_Library/Class/MSC/Src/usbh_msc_bot.o
                0x000000000800d772                USBH_MSC_BOT_REQ_Reset
 .text.USBH_MSC_BOT_REQ_GetMaxLUN
                0x000000000800d7ac       0x3c Middlewares/ST/STM32_USB_Host_Library/Class/MSC/Src/usbh_msc_bot.o
                0x000000000800d7ac                USBH_MSC_BOT_REQ_GetMaxLUN
 .text.USBH_MSC_BOT_Init
                0x000000000800d7e8       0x44 Middlewares/ST/STM32_USB_Host_Library/Class/MSC/Src/usbh_msc_bot.o
                0x000000000800d7e8                USBH_MSC_BOT_Init
 .text.USBH_MSC_BOT_Process
                0x000000000800d82c      0x3a4 Middlewares/ST/STM32_USB_Host_Library/Class/MSC/Src/usbh_msc_bot.o
                0x000000000800d82c                USBH_MSC_BOT_Process
 .text.USBH_MSC_BOT_Abort
                0x000000000800dbd0       0x58 Middlewares/ST/STM32_USB_Host_Library/Class/MSC/Src/usbh_msc_bot.o
 .text.USBH_MSC_DecodeCSW
                0x000000000800dc28       0x88 Middlewares/ST/STM32_USB_Host_Library/Class/MSC/Src/usbh_msc_bot.o
 .text.USBH_MSC_SCSI_TestUnitReady
                0x000000000800dcb0       0x86 Middlewares/ST/STM32_USB_Host_Library/Class/MSC/Src/usbh_msc_scsi.o
                0x000000000800dcb0                USBH_MSC_SCSI_TestUnitReady
 .text.USBH_MSC_SCSI_ReadCapacity
                0x000000000800dd36       0xf6 Middlewares/ST/STM32_USB_Host_Library/Class/MSC/Src/usbh_msc_scsi.o
                0x000000000800dd36                USBH_MSC_SCSI_ReadCapacity
 .text.USBH_MSC_SCSI_Inquiry
                0x000000000800de2c      0x14a Middlewares/ST/STM32_USB_Host_Library/Class/MSC/Src/usbh_msc_scsi.o
                0x000000000800de2c                USBH_MSC_SCSI_Inquiry
 .text.USBH_MSC_SCSI_RequestSense
                0x000000000800df76       0xf2 Middlewares/ST/STM32_USB_Host_Library/Class/MSC/Src/usbh_msc_scsi.o
                0x000000000800df76                USBH_MSC_SCSI_RequestSense
 .text.USBH_MSC_SCSI_Write
                0x000000000800e068       0xd6 Middlewares/ST/STM32_USB_Host_Library/Class/MSC/Src/usbh_msc_scsi.o
                0x000000000800e068                USBH_MSC_SCSI_Write
 .text.USBH_MSC_SCSI_Read
                0x000000000800e13e       0xd6 Middlewares/ST/STM32_USB_Host_Library/Class/MSC/Src/usbh_msc_scsi.o
                0x000000000800e13e                USBH_MSC_SCSI_Read
 .text.USBH_Init
                0x000000000800e214       0x74 Middlewares/ST/STM32_USB_Host_Library/Core/Src/usbh_core.o
                0x000000000800e214                USBH_Init
 .text.DeInitStateMachine
                0x000000000800e288       0xa8 Middlewares/ST/STM32_USB_Host_Library/Core/Src/usbh_core.o
 .text.USBH_RegisterClass
                0x000000000800e330       0x54 Middlewares/ST/STM32_USB_Host_Library/Core/Src/usbh_core.o
                0x000000000800e330                USBH_RegisterClass
 .text.USBH_SelectInterface
                0x000000000800e384       0x38 Middlewares/ST/STM32_USB_Host_Library/Core/Src/usbh_core.o
                0x000000000800e384                USBH_SelectInterface
 .text.USBH_FindInterface
                0x000000000800e3bc       0x8c Middlewares/ST/STM32_USB_Host_Library/Core/Src/usbh_core.o
                0x000000000800e3bc                USBH_FindInterface
 .text.USBH_Start
                0x000000000800e448       0x20 Middlewares/ST/STM32_USB_Host_Library/Core/Src/usbh_core.o
                0x000000000800e448                USBH_Start
 .text.USBH_Process
                0x000000000800e468      0x3c0 Middlewares/ST/STM32_USB_Host_Library/Core/Src/usbh_core.o
                0x000000000800e468                USBH_Process
 .text.USBH_HandleEnum
                0x000000000800e828      0x3c8 Middlewares/ST/STM32_USB_Host_Library/Core/Src/usbh_core.o
 .text.USBH_LL_SetTimer
                0x000000000800ebf0       0x1e Middlewares/ST/STM32_USB_Host_Library/Core/Src/usbh_core.o
                0x000000000800ebf0                USBH_LL_SetTimer
 .text.USBH_LL_IncTimer
                0x000000000800ec0e       0x24 Middlewares/ST/STM32_USB_Host_Library/Core/Src/usbh_core.o
                0x000000000800ec0e                USBH_LL_IncTimer
 .text.USBH_HandleSof
                0x000000000800ec32       0x30 Middlewares/ST/STM32_USB_Host_Library/Core/Src/usbh_core.o
 .text.USBH_LL_PortEnabled
                0x000000000800ec62       0x1c Middlewares/ST/STM32_USB_Host_Library/Core/Src/usbh_core.o
                0x000000000800ec62                USBH_LL_PortEnabled
 .text.USBH_LL_PortDisabled
                0x000000000800ec7e       0x1c Middlewares/ST/STM32_USB_Host_Library/Core/Src/usbh_core.o
                0x000000000800ec7e                USBH_LL_PortDisabled
 .text.USBH_LL_Connect
                0x000000000800ec9a       0x2e Middlewares/ST/STM32_USB_Host_Library/Core/Src/usbh_core.o
                0x000000000800ec9a                USBH_LL_Connect
 .text.USBH_LL_Disconnect
                0x000000000800ecc8       0x48 Middlewares/ST/STM32_USB_Host_Library/Core/Src/usbh_core.o
                0x000000000800ecc8                USBH_LL_Disconnect
 .text.USBH_Get_DevDesc
                0x000000000800ed10       0x50 Middlewares/ST/STM32_USB_Host_Library/Core/Src/usbh_ctlreq.o
                0x000000000800ed10                USBH_Get_DevDesc
 .text.USBH_Get_CfgDesc
                0x000000000800ed60       0x48 Middlewares/ST/STM32_USB_Host_Library/Core/Src/usbh_ctlreq.o
                0x000000000800ed60                USBH_Get_CfgDesc
 .text.USBH_Get_StringDesc
                0x000000000800eda8       0x56 Middlewares/ST/STM32_USB_Host_Library/Core/Src/usbh_ctlreq.o
                0x000000000800eda8                USBH_Get_StringDesc
 .text.USBH_GetDescriptor
                0x000000000800edfe       0x6a Middlewares/ST/STM32_USB_Host_Library/Core/Src/usbh_ctlreq.o
                0x000000000800edfe                USBH_GetDescriptor
 .text.USBH_SetAddress
                0x000000000800ee68       0x48 Middlewares/ST/STM32_USB_Host_Library/Core/Src/usbh_ctlreq.o
                0x000000000800ee68                USBH_SetAddress
 .text.USBH_SetCfg
                0x000000000800eeb0       0x46 Middlewares/ST/STM32_USB_Host_Library/Core/Src/usbh_ctlreq.o
                0x000000000800eeb0                USBH_SetCfg
 .text.USBH_SetFeature
                0x000000000800eef6       0x48 Middlewares/ST/STM32_USB_Host_Library/Core/Src/usbh_ctlreq.o
                0x000000000800eef6                USBH_SetFeature
 .text.USBH_ClrFeature
                0x000000000800ef3e       0x48 Middlewares/ST/STM32_USB_Host_Library/Core/Src/usbh_ctlreq.o
                0x000000000800ef3e                USBH_ClrFeature
 .text.USBH_ParseDevDesc
                0x000000000800ef86       0xe0 Middlewares/ST/STM32_USB_Host_Library/Core/Src/usbh_ctlreq.o
 .text.USBH_ParseCfgDesc
                0x000000000800f066      0x144 Middlewares/ST/STM32_USB_Host_Library/Core/Src/usbh_ctlreq.o
 .text.USBH_ParseInterfaceDesc
                0x000000000800f1aa       0x5e Middlewares/ST/STM32_USB_Host_Library/Core/Src/usbh_ctlreq.o
 .text.USBH_ParseEPDesc
                0x000000000800f208       0x5a Middlewares/ST/STM32_USB_Host_Library/Core/Src/usbh_ctlreq.o
 .text.USBH_ParseStringDesc
                0x000000000800f262       0x66 Middlewares/ST/STM32_USB_Host_Library/Core/Src/usbh_ctlreq.o
 .text.USBH_GetNextDesc
                0x000000000800f2c8       0x36 Middlewares/ST/STM32_USB_Host_Library/Core/Src/usbh_ctlreq.o
                0x000000000800f2c8                USBH_GetNextDesc
 .text.USBH_CtlReq
                0x000000000800f2fe       0x7a Middlewares/ST/STM32_USB_Host_Library/Core/Src/usbh_ctlreq.o
                0x000000000800f2fe                USBH_CtlReq
 .text.USBH_HandleControl
                0x000000000800f378      0x2ec Middlewares/ST/STM32_USB_Host_Library/Core/Src/usbh_ctlreq.o
 .text.USBH_CtlSendSetup
                0x000000000800f664       0x34 Middlewares/ST/STM32_USB_Host_Library/Core/Src/usbh_ioreq.o
                0x000000000800f664                USBH_CtlSendSetup
 .text.USBH_CtlSendData
                0x000000000800f698       0x4a Middlewares/ST/STM32_USB_Host_Library/Core/Src/usbh_ioreq.o
                0x000000000800f698                USBH_CtlSendData
 .text.USBH_CtlReceiveData
                0x000000000800f6e2       0x3c Middlewares/ST/STM32_USB_Host_Library/Core/Src/usbh_ioreq.o
                0x000000000800f6e2                USBH_CtlReceiveData
 .text.USBH_BulkSendData
                0x000000000800f71e       0x4a Middlewares/ST/STM32_USB_Host_Library/Core/Src/usbh_ioreq.o
                0x000000000800f71e                USBH_BulkSendData
 .text.USBH_BulkReceiveData
                0x000000000800f768       0x3c Middlewares/ST/STM32_USB_Host_Library/Core/Src/usbh_ioreq.o
                0x000000000800f768                USBH_BulkReceiveData
 .text.USBH_OpenPipe
                0x000000000800f7a4       0x3e Middlewares/ST/STM32_USB_Host_Library/Core/Src/usbh_pipes.o
                0x000000000800f7a4                USBH_OpenPipe
 .text.USBH_ClosePipe
                0x000000000800f7e2       0x20 Middlewares/ST/STM32_USB_Host_Library/Core/Src/usbh_pipes.o
                0x000000000800f7e2                USBH_ClosePipe
 .text.USBH_AllocPipe
                0x000000000800f802       0x42 Middlewares/ST/STM32_USB_Host_Library/Core/Src/usbh_pipes.o
                0x000000000800f802                USBH_AllocPipe
 .text.USBH_FreePipe
                0x000000000800f844       0x3c Middlewares/ST/STM32_USB_Host_Library/Core/Src/usbh_pipes.o
                0x000000000800f844                USBH_FreePipe
 .text.USBH_GetFreePipe
                0x000000000800f880       0x48 Middlewares/ST/STM32_USB_Host_Library/Core/Src/usbh_pipes.o
 .text.disk_status
                0x000000000800f8c8       0x34 Middlewares/Third_Party/FatFs/src/diskio.o
                0x000000000800f8c8                disk_status
 .text.disk_initialize
                0x000000000800f8fc       0x4c Middlewares/Third_Party/FatFs/src/diskio.o
                0x000000000800f8fc                disk_initialize
 .text.disk_read
                0x000000000800f948       0x40 Middlewares/Third_Party/FatFs/src/diskio.o
                0x000000000800f948                disk_read
 .text.disk_write
                0x000000000800f988       0x40 Middlewares/Third_Party/FatFs/src/diskio.o
                0x000000000800f988                disk_write
 .text.disk_ioctl
                0x000000000800f9c8       0x3c Middlewares/Third_Party/FatFs/src/diskio.o
                0x000000000800f9c8                disk_ioctl
 .text.ld_word  0x000000000800fa04       0x30 Middlewares/Third_Party/FatFs/src/ff.o
 .text.ld_dword
                0x000000000800fa34       0x46 Middlewares/Third_Party/FatFs/src/ff.o
 .text.st_word  0x000000000800fa7a       0x36 Middlewares/Third_Party/FatFs/src/ff.o
 .text.st_dword
                0x000000000800fab0       0x58 Middlewares/Third_Party/FatFs/src/ff.o
 .text.mem_cpy  0x000000000800fb08       0x42 Middlewares/Third_Party/FatFs/src/ff.o
 .text.mem_set  0x000000000800fb4a       0x34 Middlewares/Third_Party/FatFs/src/ff.o
 .text.mem_cmp  0x000000000800fb7e       0x4e Middlewares/Third_Party/FatFs/src/ff.o
 .text.chk_chr  0x000000000800fbcc       0x36 Middlewares/Third_Party/FatFs/src/ff.o
 *fill*         0x000000000800fc02        0x2 
 .text.chk_lock
                0x000000000800fc04       0xb8 Middlewares/Third_Party/FatFs/src/ff.o
 .text.enq_lock
                0x000000000800fcbc       0x44 Middlewares/Third_Party/FatFs/src/ff.o
 .text.inc_lock
                0x000000000800fd00      0x11c Middlewares/Third_Party/FatFs/src/ff.o
 .text.dec_lock
                0x000000000800fe1c       0x78 Middlewares/Third_Party/FatFs/src/ff.o
 .text.clear_lock
                0x000000000800fe94       0x48 Middlewares/Third_Party/FatFs/src/ff.o
 .text.sync_window
                0x000000000800fedc       0x88 Middlewares/Third_Party/FatFs/src/ff.o
 .text.move_window
                0x000000000800ff64       0x5a Middlewares/Third_Party/FatFs/src/ff.o
 *fill*         0x000000000800ffbe        0x2 
 .text.sync_fs  0x000000000800ffc0       0xdc Middlewares/Third_Party/FatFs/src/ff.o
 .text.clust2sect
                0x000000000801009c       0x3e Middlewares/Third_Party/FatFs/src/ff.o
 .text.get_fat  0x00000000080100da      0x14a Middlewares/Third_Party/FatFs/src/ff.o
 .text.put_fat  0x0000000008010224      0x1ce Middlewares/Third_Party/FatFs/src/ff.o
 .text.remove_chain
                0x00000000080103f2       0xca Middlewares/Third_Party/FatFs/src/ff.o
 .text.create_chain
                0x00000000080104bc      0x130 Middlewares/Third_Party/FatFs/src/ff.o
 .text.clmt_clust
                0x00000000080105ec       0x68 Middlewares/Third_Party/FatFs/src/ff.o
 .text.dir_sdi  0x0000000008010654       0xf6 Middlewares/Third_Party/FatFs/src/ff.o
 .text.dir_next
                0x000000000801074a      0x18a Middlewares/Third_Party/FatFs/src/ff.o
 .text.dir_alloc
                0x00000000080108d4       0x8e Middlewares/Third_Party/FatFs/src/ff.o
 .text.ld_clust
                0x0000000008010962       0x3e Middlewares/Third_Party/FatFs/src/ff.o
 .text.st_clust
                0x00000000080109a0       0x40 Middlewares/Third_Party/FatFs/src/ff.o
 .text.dir_find
                0x00000000080109e0       0xaa Middlewares/Third_Party/FatFs/src/ff.o
 .text.dir_register
                0x0000000008010a8a       0x64 Middlewares/Third_Party/FatFs/src/ff.o
 *fill*         0x0000000008010aee        0x2 
 .text.create_name
                0x0000000008010af0      0x128 Middlewares/Third_Party/FatFs/src/ff.o
 .text.follow_path
                0x0000000008010c18       0xe2 Middlewares/Third_Party/FatFs/src/ff.o
 .text.get_ldnumber
                0x0000000008010cfa       0x88 Middlewares/Third_Party/FatFs/src/ff.o
 *fill*         0x0000000008010d82        0x2 
 .text.check_fs
                0x0000000008010d84       0xac Middlewares/Third_Party/FatFs/src/ff.o
 .text.find_volume
                0x0000000008010e30      0x498 Middlewares/Third_Party/FatFs/src/ff.o
 .text.validate
                0x00000000080112c8       0x6a Middlewares/Third_Party/FatFs/src/ff.o
 *fill*         0x0000000008011332        0x2 
 .text.f_mount  0x0000000008011334       0x8c Middlewares/Third_Party/FatFs/src/ff.o
                0x0000000008011334                f_mount
 .text.f_open   0x00000000080113c0      0x37c Middlewares/Third_Party/FatFs/src/ff.o
                0x00000000080113c0                f_open
 .text.f_read   0x000000000801173c      0x27e Middlewares/Third_Party/FatFs/src/ff.o
                0x000000000801173c                f_read
 .text.f_write  0x00000000080119ba      0x2ea Middlewares/Third_Party/FatFs/src/ff.o
                0x00000000080119ba                f_write
 .text.f_sync   0x0000000008011ca4       0xfc Middlewares/Third_Party/FatFs/src/ff.o
                0x0000000008011ca4                f_sync
 .text.f_close  0x0000000008011da0       0x54 Middlewares/Third_Party/FatFs/src/ff.o
                0x0000000008011da0                f_close
 .text.f_gets   0x0000000008011df4       0x7a Middlewares/Third_Party/FatFs/src/ff.o
                0x0000000008011df4                f_gets
 *fill*         0x0000000008011e6e        0x2 
 .text.FATFS_LinkDriverEx
                0x0000000008011e70       0x98 Middlewares/Third_Party/FatFs/src/ff_gen_drv.o
                0x0000000008011e70                FATFS_LinkDriverEx
 .text.FATFS_LinkDriver
                0x0000000008011f08       0x1e Middlewares/Third_Party/FatFs/src/ff_gen_drv.o
                0x0000000008011f08                FATFS_LinkDriver
 *fill*         0x0000000008011f26        0x2 
 .text.read_bmp
                0x0000000008011f28       0x8c USB_HOST/App/usb_host.o
                0x0000000008011f28                read_bmp
 .text.write_bmp
                0x0000000008011fb4       0xdc USB_HOST/App/usb_host.o
                0x0000000008011fb4                write_bmp
 .text.read_txt
                0x0000000008012090       0xa8 USB_HOST/App/usb_host.o
                0x0000000008012090                read_txt
 .text.MX_USB_HOST_Init
                0x0000000008012138       0x4c USB_HOST/App/usb_host.o
                0x0000000008012138                MX_USB_HOST_Init
 .text.MX_USB_HOST_Process
                0x0000000008012184       0x14 USB_HOST/App/usb_host.o
                0x0000000008012184                MX_USB_HOST_Process
 .text.USBH_UserProcess
                0x0000000008012198       0x78 USB_HOST/App/usb_host.o
 .text.HAL_HCD_MspInit
                0x0000000008012210       0xc8 USB_HOST/Target/usbh_conf.o
                0x0000000008012210                HAL_HCD_MspInit
 .text.HAL_HCD_SOF_Callback
                0x00000000080122d8       0x1c USB_HOST/Target/usbh_conf.o
                0x00000000080122d8                HAL_HCD_SOF_Callback
 .text.HAL_HCD_Connect_Callback
                0x00000000080122f4       0x1c USB_HOST/Target/usbh_conf.o
                0x00000000080122f4                HAL_HCD_Connect_Callback
 .text.HAL_HCD_Disconnect_Callback
                0x0000000008012310       0x1c USB_HOST/Target/usbh_conf.o
                0x0000000008012310                HAL_HCD_Disconnect_Callback
 .text.HAL_HCD_HC_NotifyURBChange_Callback
                0x000000000801232c       0x1c USB_HOST/Target/usbh_conf.o
                0x000000000801232c                HAL_HCD_HC_NotifyURBChange_Callback
 .text.HAL_HCD_PortEnabled_Callback
                0x0000000008012348       0x1c USB_HOST/Target/usbh_conf.o
                0x0000000008012348                HAL_HCD_PortEnabled_Callback
 .text.HAL_HCD_PortDisabled_Callback
                0x0000000008012364       0x1c USB_HOST/Target/usbh_conf.o
                0x0000000008012364                HAL_HCD_PortDisabled_Callback
 .text.USBH_LL_Init
                0x0000000008012380       0x78 USB_HOST/Target/usbh_conf.o
                0x0000000008012380                USBH_LL_Init
 .text.USBH_LL_Start
                0x00000000080123f8       0x36 USB_HOST/Target/usbh_conf.o
                0x00000000080123f8                USBH_LL_Start
 .text.USBH_LL_Stop
                0x000000000801242e       0x36 USB_HOST/Target/usbh_conf.o
                0x000000000801242e                USBH_LL_Stop
 .text.USBH_LL_GetSpeed
                0x0000000008012464       0x4a USB_HOST/Target/usbh_conf.o
                0x0000000008012464                USBH_LL_GetSpeed
 .text.USBH_LL_ResetPort
                0x00000000080124ae       0x36 USB_HOST/Target/usbh_conf.o
                0x00000000080124ae                USBH_LL_ResetPort
 .text.USBH_LL_GetLastXferSize
                0x00000000080124e4       0x26 USB_HOST/Target/usbh_conf.o
                0x00000000080124e4                USBH_LL_GetLastXferSize
 .text.USBH_LL_OpenPipe
                0x000000000801250a       0x5e USB_HOST/Target/usbh_conf.o
                0x000000000801250a                USBH_LL_OpenPipe
 .text.USBH_LL_ClosePipe
                0x0000000008012568       0x3e USB_HOST/Target/usbh_conf.o
                0x0000000008012568                USBH_LL_ClosePipe
 .text.USBH_LL_SubmitURB
                0x00000000080125a6       0x62 USB_HOST/Target/usbh_conf.o
                0x00000000080125a6                USBH_LL_SubmitURB
 .text.USBH_LL_GetURBState
                0x0000000008012608       0x26 USB_HOST/Target/usbh_conf.o
                0x0000000008012608                USBH_LL_GetURBState
 .text.USBH_LL_DriverVBUS
                0x000000000801262e       0x2e USB_HOST/Target/usbh_conf.o
                0x000000000801262e                USBH_LL_DriverVBUS
 .text.USBH_LL_SetToggle
                0x000000000801265c       0x66 USB_HOST/Target/usbh_conf.o
                0x000000000801265c                USBH_LL_SetToggle
 .text.USBH_LL_GetToggle
                0x00000000080126c2       0x66 USB_HOST/Target/usbh_conf.o
                0x00000000080126c2                USBH_LL_GetToggle
 .text.USBH_Delay
                0x0000000008012728       0x16 USB_HOST/Target/usbh_conf.o
                0x0000000008012728                USBH_Delay
 *fill*         0x000000000801273e        0x2 
 .text.USBH_Get_USB_Status
                0x0000000008012740       0x58 USB_HOST/Target/usbh_conf.o
                0x0000000008012740                USBH_Get_USB_Status
 .text.MX_DriverVbusFS
                0x0000000008012798       0x38 USB_HOST/Target/usbh_platform.o
                0x0000000008012798                MX_DriverVbusFS
 .text.atof     0x00000000080127d0        0x6 c:/st/stm32cubeide_1.4.0/stm32cubeide/plugins/com.st.stm32cube.ide.mcu.externaltools.gnu-tools-for-stm32.7-2018-q2-update.win32_1.4.0.202007081208/tools/bin/../lib/gcc/arm-none-eabi/7.3.1/../../../../arm-none-eabi/lib/thumb/v7e-m/fpv5/hard\libc_nano.a(lib_a-atof.o)
                0x00000000080127d0                atof
 *fill*         0x00000000080127d6        0x2 
 .text.__errno  0x00000000080127d8        0xc c:/st/stm32cubeide_1.4.0/stm32cubeide/plugins/com.st.stm32cube.ide.mcu.externaltools.gnu-tools-for-stm32.7-2018-q2-update.win32_1.4.0.202007081208/tools/bin/../lib/gcc/arm-none-eabi/7.3.1/../../../../arm-none-eabi/lib/thumb/v7e-m/fpv5/hard\libc_nano.a(lib_a-errno.o)
                0x00000000080127d8                __errno
 .text.__libc_init_array
                0x00000000080127e4       0x48 c:/st/stm32cubeide_1.4.0/stm32cubeide/plugins/com.st.stm32cube.ide.mcu.externaltools.gnu-tools-for-stm32.7-2018-q2-update.win32_1.4.0.202007081208/tools/bin/../lib/gcc/arm-none-eabi/7.3.1/../../../../arm-none-eabi/lib/thumb/v7e-m/fpv5/hard\libc_nano.a(lib_a-init.o)
                0x00000000080127e4                __libc_init_array
 .text.malloc   0x000000000801282c       0x10 c:/st/stm32cubeide_1.4.0/stm32cubeide/plugins/com.st.stm32cube.ide.mcu.externaltools.gnu-tools-for-stm32.7-2018-q2-update.win32_1.4.0.202007081208/tools/bin/../lib/gcc/arm-none-eabi/7.3.1/../../../../arm-none-eabi/lib/thumb/v7e-m/fpv5/hard\libc_nano.a(lib_a-malloc.o)
                0x000000000801282c                malloc
 .text.free     0x000000000801283c       0x10 c:/st/stm32cubeide_1.4.0/stm32cubeide/plugins/com.st.stm32cube.ide.mcu.externaltools.gnu-tools-for-stm32.7-2018-q2-update.win32_1.4.0.202007081208/tools/bin/../lib/gcc/arm-none-eabi/7.3.1/../../../../arm-none-eabi/lib/thumb/v7e-m/fpv5/hard\libc_nano.a(lib_a-malloc.o)
                0x000000000801283c                free
 .text.memcpy   0x000000000801284c       0x16 c:/st/stm32cubeide_1.4.0/stm32cubeide/plugins/com.st.stm32cube.ide.mcu.externaltools.gnu-tools-for-stm32.7-2018-q2-update.win32_1.4.0.202007081208/tools/bin/../lib/gcc/arm-none-eabi/7.3.1/../../../../arm-none-eabi/lib/thumb/v7e-m/fpv5/hard\libc_nano.a(lib_a-memcpy-stub.o)
                0x000000000801284c                memcpy
 .text.memset   0x0000000008012862       0x10 c:/st/stm32cubeide_1.4.0/stm32cubeide/plugins/com.st.stm32cube.ide.mcu.externaltools.gnu-tools-for-stm32.7-2018-q2-update.win32_1.4.0.202007081208/tools/bin/../lib/gcc/arm-none-eabi/7.3.1/../../../../arm-none-eabi/lib/thumb/v7e-m/fpv5/hard\libc_nano.a(lib_a-memset.o)
                0x0000000008012862                memset
 *fill*         0x0000000008012872        0x2 
 .text._free_r  0x0000000008012874       0x9c c:/st/stm32cubeide_1.4.0/stm32cubeide/plugins/com.st.stm32cube.ide.mcu.externaltools.gnu-tools-for-stm32.7-2018-q2-update.win32_1.4.0.202007081208/tools/bin/../lib/gcc/arm-none-eabi/7.3.1/../../../../arm-none-eabi/lib/thumb/v7e-m/fpv5/hard\libc_nano.a(lib_a-nano-freer.o)
                0x0000000008012874                _free_r
 .text._malloc_r
                0x0000000008012910       0xb4 c:/st/stm32cubeide_1.4.0/stm32cubeide/plugins/com.st.stm32cube.ide.mcu.externaltools.gnu-tools-for-stm32.7-2018-q2-update.win32_1.4.0.202007081208/tools/bin/../lib/gcc/arm-none-eabi/7.3.1/../../../../arm-none-eabi/lib/thumb/v7e-m/fpv5/hard\libc_nano.a(lib_a-nano-mallocr.o)
                0x0000000008012910                _malloc_r
 .text.__cvt    0x00000000080129c4       0xa4 c:/st/stm32cubeide_1.4.0/stm32cubeide/plugins/com.st.stm32cube.ide.mcu.externaltools.gnu-tools-for-stm32.7-2018-q2-update.win32_1.4.0.202007081208/tools/bin/../lib/gcc/arm-none-eabi/7.3.1/../../../../arm-none-eabi/lib/thumb/v7e-m/fpv5/hard\libc_nano.a(lib_a-nano-vfprintf_float.o)
                0x00000000080129c4                __cvt
 .text.__exponent
                0x0000000008012a68       0x66 c:/st/stm32cubeide_1.4.0/stm32cubeide/plugins/com.st.stm32cube.ide.mcu.externaltools.gnu-tools-for-stm32.7-2018-q2-update.win32_1.4.0.202007081208/tools/bin/../lib/gcc/arm-none-eabi/7.3.1/../../../../arm-none-eabi/lib/thumb/v7e-m/fpv5/hard\libc_nano.a(lib_a-nano-vfprintf_float.o)
                0x0000000008012a68                __exponent
 *fill*         0x0000000008012ace        0x2 
 .text._printf_float
                0x0000000008012ad0      0x458 c:/st/stm32cubeide_1.4.0/stm32cubeide/plugins/com.st.stm32cube.ide.mcu.externaltools.gnu-tools-for-stm32.7-2018-q2-update.win32_1.4.0.202007081208/tools/bin/../lib/gcc/arm-none-eabi/7.3.1/../../../../arm-none-eabi/lib/thumb/v7e-m/fpv5/hard\libc_nano.a(lib_a-nano-vfprintf_float.o)
                0x0000000008012ad0                _printf_float
 .text._printf_common
                0x0000000008012f28       0xea c:/st/stm32cubeide_1.4.0/stm32cubeide/plugins/com.st.stm32cube.ide.mcu.externaltools.gnu-tools-for-stm32.7-2018-q2-update.win32_1.4.0.202007081208/tools/bin/../lib/gcc/arm-none-eabi/7.3.1/../../../../arm-none-eabi/lib/thumb/v7e-m/fpv5/hard\libc_nano.a(lib_a-nano-vfprintf_i.o)
                0x0000000008012f28                _printf_common
 *fill*         0x0000000008013012        0x2 
 .text._sbrk_r  0x0000000008013014       0x20 c:/st/stm32cubeide_1.4.0/stm32cubeide/plugins/com.st.stm32cube.ide.mcu.externaltools.gnu-tools-for-stm32.7-2018-q2-update.win32_1.4.0.202007081208/tools/bin/../lib/gcc/arm-none-eabi/7.3.1/../../../../arm-none-eabi/lib/thumb/v7e-m/fpv5/hard\libc_nano.a(lib_a-sbrkr.o)
                0x0000000008013014                _sbrk_r
 .text.unlikely.sulp
                0x0000000008013034       0x34 c:/st/stm32cubeide_1.4.0/stm32cubeide/plugins/com.st.stm32cube.ide.mcu.externaltools.gnu-tools-for-stm32.7-2018-q2-update.win32_1.4.0.202007081208/tools/bin/../lib/gcc/arm-none-eabi/7.3.1/../../../../arm-none-eabi/lib/thumb/v7e-m/fpv5/hard\libc_nano.a(lib_a-strtod.o)
 .text._strtod_l
                0x0000000008013068      0xb90 c:/st/stm32cubeide_1.4.0/stm32cubeide/plugins/com.st.stm32cube.ide.mcu.externaltools.gnu-tools-for-stm32.7-2018-q2-update.win32_1.4.0.202007081208/tools/bin/../lib/gcc/arm-none-eabi/7.3.1/../../../../arm-none-eabi/lib/thumb/v7e-m/fpv5/hard\libc_nano.a(lib_a-strtod.o)
                0x0000000008013068                _strtod_l
 .text.strtod   0x0000000008013bf8       0x28 c:/st/stm32cubeide_1.4.0/stm32cubeide/plugins/com.st.stm32cube.ide.mcu.externaltools.gnu-tools-for-stm32.7-2018-q2-update.win32_1.4.0.202007081208/tools/bin/../lib/gcc/arm-none-eabi/7.3.1/../../../../arm-none-eabi/lib/thumb/v7e-m/fpv5/hard\libc_nano.a(lib_a-strtod.o)
                0x0000000008013bf8                strtod
 .text.quorem   0x0000000008013c20      0x118 c:/st/stm32cubeide_1.4.0/stm32cubeide/plugins/com.st.stm32cube.ide.mcu.externaltools.gnu-tools-for-stm32.7-2018-q2-update.win32_1.4.0.202007081208/tools/bin/../lib/gcc/arm-none-eabi/7.3.1/../../../../arm-none-eabi/lib/thumb/v7e-m/fpv5/hard\libc_nano.a(lib_a-dtoa.o)
 .text._dtoa_r  0x0000000008013d38      0xa98 c:/st/stm32cubeide_1.4.0/stm32cubeide/plugins/com.st.stm32cube.ide.mcu.externaltools.gnu-tools-for-stm32.7-2018-q2-update.win32_1.4.0.202007081208/tools/bin/../lib/gcc/arm-none-eabi/7.3.1/../../../../arm-none-eabi/lib/thumb/v7e-m/fpv5/hard\libc_nano.a(lib_a-dtoa.o)
                0x0000000008013d38                _dtoa_r
 .text.rshift   0x00000000080147d0       0x74 c:/st/stm32cubeide_1.4.0/stm32cubeide/plugins/com.st.stm32cube.ide.mcu.externaltools.gnu-tools-for-stm32.7-2018-q2-update.win32_1.4.0.202007081208/tools/bin/../lib/gcc/arm-none-eabi/7.3.1/../../../../arm-none-eabi/lib/thumb/v7e-m/fpv5/hard\libc_nano.a(lib_a-gdtoa-gethex.o)
 .text.__hexdig_fun
                0x0000000008014844       0x2a c:/st/stm32cubeide_1.4.0/stm32cubeide/plugins/com.st.stm32cube.ide.mcu.externaltools.gnu-tools-for-stm32.7-2018-q2-update.win32_1.4.0.202007081208/tools/bin/../lib/gcc/arm-none-eabi/7.3.1/../../../../arm-none-eabi/lib/thumb/v7e-m/fpv5/hard\libc_nano.a(lib_a-gdtoa-gethex.o)
                0x0000000008014844                __hexdig_fun
 .text.__gethex
                0x000000000801486e      0x442 c:/st/stm32cubeide_1.4.0/stm32cubeide/plugins/com.st.stm32cube.ide.mcu.externaltools.gnu-tools-for-stm32.7-2018-q2-update.win32_1.4.0.202007081208/tools/bin/../lib/gcc/arm-none-eabi/7.3.1/../../../../arm-none-eabi/lib/thumb/v7e-m/fpv5/hard\libc_nano.a(lib_a-gdtoa-gethex.o)
                0x000000000801486e                __gethex
 .text.L_shift  0x0000000008014cb0       0x24 c:/st/stm32cubeide_1.4.0/stm32cubeide/plugins/com.st.stm32cube.ide.mcu.externaltools.gnu-tools-for-stm32.7-2018-q2-update.win32_1.4.0.202007081208/tools/bin/../lib/gcc/arm-none-eabi/7.3.1/../../../../arm-none-eabi/lib/thumb/v7e-m/fpv5/hard\libc_nano.a(lib_a-gdtoa-hexnan.o)
 .text.__match  0x0000000008014cd4       0x28 c:/st/stm32cubeide_1.4.0/stm32cubeide/plugins/com.st.stm32cube.ide.mcu.externaltools.gnu-tools-for-stm32.7-2018-q2-update.win32_1.4.0.202007081208/tools/bin/../lib/gcc/arm-none-eabi/7.3.1/../../../../arm-none-eabi/lib/thumb/v7e-m/fpv5/hard\libc_nano.a(lib_a-gdtoa-hexnan.o)
                0x0000000008014cd4                __match
 .text.__hexnan
                0x0000000008014cfc      0x120 c:/st/stm32cubeide_1.4.0/stm32cubeide/plugins/com.st.stm32cube.ide.mcu.externaltools.gnu-tools-for-stm32.7-2018-q2-update.win32_1.4.0.202007081208/tools/bin/../lib/gcc/arm-none-eabi/7.3.1/../../../../arm-none-eabi/lib/thumb/v7e-m/fpv5/hard\libc_nano.a(lib_a-gdtoa-hexnan.o)
                0x0000000008014cfc                __hexnan
 .text.__localeconv_l
                0x0000000008014e1c        0x4 c:/st/stm32cubeide_1.4.0/stm32cubeide/plugins/com.st.stm32cube.ide.mcu.externaltools.gnu-tools-for-stm32.7-2018-q2-update.win32_1.4.0.202007081208/tools/bin/../lib/gcc/arm-none-eabi/7.3.1/../../../../arm-none-eabi/lib/thumb/v7e-m/fpv5/hard\libc_nano.a(lib_a-localeconv.o)
                0x0000000008014e1c                __localeconv_l
 .text._localeconv_r
                0x0000000008014e20       0x1c c:/st/stm32cubeide_1.4.0/stm32cubeide/plugins/com.st.stm32cube.ide.mcu.externaltools.gnu-tools-for-stm32.7-2018-q2-update.win32_1.4.0.202007081208/tools/bin/../lib/gcc/arm-none-eabi/7.3.1/../../../../arm-none-eabi/lib/thumb/v7e-m/fpv5/hard\libc_nano.a(lib_a-localeconv.o)
                0x0000000008014e20                _localeconv_r
 .text.__ascii_mbtowc
                0x0000000008014e3c       0x24 c:/st/stm32cubeide_1.4.0/stm32cubeide/plugins/com.st.stm32cube.ide.mcu.externaltools.gnu-tools-for-stm32.7-2018-q2-update.win32_1.4.0.202007081208/tools/bin/../lib/gcc/arm-none-eabi/7.3.1/../../../../arm-none-eabi/lib/thumb/v7e-m/fpv5/hard\libc_nano.a(lib_a-mbtowc_r.o)
                0x0000000008014e3c                __ascii_mbtowc
 .text.__malloc_lock
                0x0000000008014e60        0x2 c:/st/stm32cubeide_1.4.0/stm32cubeide/plugins/com.st.stm32cube.ide.mcu.externaltools.gnu-tools-for-stm32.7-2018-q2-update.win32_1.4.0.202007081208/tools/bin/../lib/gcc/arm-none-eabi/7.3.1/../../../../arm-none-eabi/lib/thumb/v7e-m/fpv5/hard\libc_nano.a(lib_a-mlock.o)
                0x0000000008014e60                __malloc_lock
 .text.__malloc_unlock
                0x0000000008014e62        0x2 c:/st/stm32cubeide_1.4.0/stm32cubeide/plugins/com.st.stm32cube.ide.mcu.externaltools.gnu-tools-for-stm32.7-2018-q2-update.win32_1.4.0.202007081208/tools/bin/../lib/gcc/arm-none-eabi/7.3.1/../../../../arm-none-eabi/lib/thumb/v7e-m/fpv5/hard\libc_nano.a(lib_a-mlock.o)
                0x0000000008014e62                __malloc_unlock
 .text._Balloc  0x0000000008014e64       0x68 c:/st/stm32cubeide_1.4.0/stm32cubeide/plugins/com.st.stm32cube.ide.mcu.externaltools.gnu-tools-for-stm32.7-2018-q2-update.win32_1.4.0.202007081208/tools/bin/../lib/gcc/arm-none-eabi/7.3.1/../../../../arm-none-eabi/lib/thumb/v7e-m/fpv5/hard\libc_nano.a(lib_a-mprec.o)
                0x0000000008014e64                _Balloc
 .text._Bfree   0x0000000008014ecc       0x2e c:/st/stm32cubeide_1.4.0/stm32cubeide/plugins/com.st.stm32cube.ide.mcu.externaltools.gnu-tools-for-stm32.7-2018-q2-update.win32_1.4.0.202007081208/tools/bin/../lib/gcc/arm-none-eabi/7.3.1/../../../../arm-none-eabi/lib/thumb/v7e-m/fpv5/hard\libc_nano.a(lib_a-mprec.o)
                0x0000000008014ecc                _Bfree
 .text.__multadd
                0x0000000008014efa       0x76 c:/st/stm32cubeide_1.4.0/stm32cubeide/plugins/com.st.stm32cube.ide.mcu.externaltools.gnu-tools-for-stm32.7-2018-q2-update.win32_1.4.0.202007081208/tools/bin/../lib/gcc/arm-none-eabi/7.3.1/../../../../arm-none-eabi/lib/thumb/v7e-m/fpv5/hard\libc_nano.a(lib_a-mprec.o)
                0x0000000008014efa                __multadd
 .text.__s2b    0x0000000008014f70       0x7c c:/st/stm32cubeide_1.4.0/stm32cubeide/plugins/com.st.stm32cube.ide.mcu.externaltools.gnu-tools-for-stm32.7-2018-q2-update.win32_1.4.0.202007081208/tools/bin/../lib/gcc/arm-none-eabi/7.3.1/../../../../arm-none-eabi/lib/thumb/v7e-m/fpv5/hard\libc_nano.a(lib_a-mprec.o)
                0x0000000008014f70                __s2b
 .text.__hi0bits
                0x0000000008014fec       0x3e c:/st/stm32cubeide_1.4.0/stm32cubeide/plugins/com.st.stm32cube.ide.mcu.externaltools.gnu-tools-for-stm32.7-2018-q2-update.win32_1.4.0.202007081208/tools/bin/../lib/gcc/arm-none-eabi/7.3.1/../../../../arm-none-eabi/lib/thumb/v7e-m/fpv5/hard\libc_nano.a(lib_a-mprec.o)
                0x0000000008014fec                __hi0bits
 .text.__lo0bits
                0x000000000801502a       0x5e c:/st/stm32cubeide_1.4.0/stm32cubeide/plugins/com.st.stm32cube.ide.mcu.externaltools.gnu-tools-for-stm32.7-2018-q2-update.win32_1.4.0.202007081208/tools/bin/../lib/gcc/arm-none-eabi/7.3.1/../../../../arm-none-eabi/lib/thumb/v7e-m/fpv5/hard\libc_nano.a(lib_a-mprec.o)
                0x000000000801502a                __lo0bits
 .text.__i2b    0x0000000008015088       0x12 c:/st/stm32cubeide_1.4.0/stm32cubeide/plugins/com.st.stm32cube.ide.mcu.externaltools.gnu-tools-for-stm32.7-2018-q2-update.win32_1.4.0.202007081208/tools/bin/../lib/gcc/arm-none-eabi/7.3.1/../../../../arm-none-eabi/lib/thumb/v7e-m/fpv5/hard\libc_nano.a(lib_a-mprec.o)
                0x0000000008015088                __i2b
 .text.__multiply
                0x000000000801509a      0x12c c:/st/stm32cubeide_1.4.0/stm32cubeide/plugins/com.st.stm32cube.ide.mcu.externaltools.gnu-tools-for-stm32.7-2018-q2-update.win32_1.4.0.202007081208/tools/bin/../lib/gcc/arm-none-eabi/7.3.1/../../../../arm-none-eabi/lib/thumb/v7e-m/fpv5/hard\libc_nano.a(lib_a-mprec.o)
                0x000000000801509a                __multiply
 *fill*         0x00000000080151c6        0x2 
 .text.__pow5mult
                0x00000000080151c8       0x9c c:/st/stm32cubeide_1.4.0/stm32cubeide/plugins/com.st.stm32cube.ide.mcu.externaltools.gnu-tools-for-stm32.7-2018-q2-update.win32_1.4.0.202007081208/tools/bin/../lib/gcc/arm-none-eabi/7.3.1/../../../../arm-none-eabi/lib/thumb/v7e-m/fpv5/hard\libc_nano.a(lib_a-mprec.o)
                0x00000000080151c8                __pow5mult
 .text.__lshift
                0x0000000008015264       0xa8 c:/st/stm32cubeide_1.4.0/stm32cubeide/plugins/com.st.stm32cube.ide.mcu.externaltools.gnu-tools-for-stm32.7-2018-q2-update.win32_1.4.0.202007081208/tools/bin/../lib/gcc/arm-none-eabi/7.3.1/../../../../arm-none-eabi/lib/thumb/v7e-m/fpv5/hard\libc_nano.a(lib_a-mprec.o)
                0x0000000008015264                __lshift
 .text.__mcmp   0x000000000801530c       0x34 c:/st/stm32cubeide_1.4.0/stm32cubeide/plugins/com.st.stm32cube.ide.mcu.externaltools.gnu-tools-for-stm32.7-2018-q2-update.win32_1.4.0.202007081208/tools/bin/../lib/gcc/arm-none-eabi/7.3.1/../../../../arm-none-eabi/lib/thumb/v7e-m/fpv5/hard\libc_nano.a(lib_a-mprec.o)
                0x000000000801530c                __mcmp
 .text.__mdiff  0x0000000008015340       0xba c:/st/stm32cubeide_1.4.0/stm32cubeide/plugins/com.st.stm32cube.ide.mcu.externaltools.gnu-tools-for-stm32.7-2018-q2-update.win32_1.4.0.202007081208/tools/bin/../lib/gcc/arm-none-eabi/7.3.1/../../../../arm-none-eabi/lib/thumb/v7e-m/fpv5/hard\libc_nano.a(lib_a-mprec.o)
                0x0000000008015340                __mdiff
 *fill*         0x00000000080153fa        0x2 
 .text.__ulp    0x00000000080153fc       0x50 c:/st/stm32cubeide_1.4.0/stm32cubeide/plugins/com.st.stm32cube.ide.mcu.externaltools.gnu-tools-for-stm32.7-2018-q2-update.win32_1.4.0.202007081208/tools/bin/../lib/gcc/arm-none-eabi/7.3.1/../../../../arm-none-eabi/lib/thumb/v7e-m/fpv5/hard\libc_nano.a(lib_a-mprec.o)
                0x00000000080153fc                __ulp
 .text.__b2d    0x000000000801544c       0x9c c:/st/stm32cubeide_1.4.0/stm32cubeide/plugins/com.st.stm32cube.ide.mcu.externaltools.gnu-tools-for-stm32.7-2018-q2-update.win32_1.4.0.202007081208/tools/bin/../lib/gcc/arm-none-eabi/7.3.1/../../../../arm-none-eabi/lib/thumb/v7e-m/fpv5/hard\libc_nano.a(lib_a-mprec.o)
                0x000000000801544c                __b2d
 .text.__d2b    0x00000000080154e8       0x9e c:/st/stm32cubeide_1.4.0/stm32cubeide/plugins/com.st.stm32cube.ide.mcu.externaltools.gnu-tools-for-stm32.7-2018-q2-update.win32_1.4.0.202007081208/tools/bin/../lib/gcc/arm-none-eabi/7.3.1/../../../../arm-none-eabi/lib/thumb/v7e-m/fpv5/hard\libc_nano.a(lib_a-mprec.o)
                0x00000000080154e8                __d2b
 .text.__ratio  0x0000000008015586       0x68 c:/st/stm32cubeide_1.4.0/stm32cubeide/plugins/com.st.stm32cube.ide.mcu.externaltools.gnu-tools-for-stm32.7-2018-q2-update.win32_1.4.0.202007081208/tools/bin/../lib/gcc/arm-none-eabi/7.3.1/../../../../arm-none-eabi/lib/thumb/v7e-m/fpv5/hard\libc_nano.a(lib_a-mprec.o)
                0x0000000008015586                __ratio
 .text.__copybits
                0x00000000080155ee       0x34 c:/st/stm32cubeide_1.4.0/stm32cubeide/plugins/com.st.stm32cube.ide.mcu.externaltools.gnu-tools-for-stm32.7-2018-q2-update.win32_1.4.0.202007081208/tools/bin/../lib/gcc/arm-none-eabi/7.3.1/../../../../arm-none-eabi/lib/thumb/v7e-m/fpv5/hard\libc_nano.a(lib_a-mprec.o)
                0x00000000080155ee                __copybits
 .text.__any_on
                0x0000000008015622       0x42 c:/st/stm32cubeide_1.4.0/stm32cubeide/plugins/com.st.stm32cube.ide.mcu.externaltools.gnu-tools-for-stm32.7-2018-q2-update.win32_1.4.0.202007081208/tools/bin/../lib/gcc/arm-none-eabi/7.3.1/../../../../arm-none-eabi/lib/thumb/v7e-m/fpv5/hard\libc_nano.a(lib_a-mprec.o)
                0x0000000008015622                __any_on
 .text._calloc_r
                0x0000000008015664       0x1c c:/st/stm32cubeide_1.4.0/stm32cubeide/plugins/com.st.stm32cube.ide.mcu.externaltools.gnu-tools-for-stm32.7-2018-q2-update.win32_1.4.0.202007081208/tools/bin/../lib/gcc/arm-none-eabi/7.3.1/../../../../arm-none-eabi/lib/thumb/v7e-m/fpv5/hard\libc_nano.a(lib_a-nano-callocr.o)
                0x0000000008015664                _calloc_r
 .text.strncmp  0x0000000008015680       0x24 c:/st/stm32cubeide_1.4.0/stm32cubeide/plugins/com.st.stm32cube.ide.mcu.externaltools.gnu-tools-for-stm32.7-2018-q2-update.win32_1.4.0.202007081208/tools/bin/../lib/gcc/arm-none-eabi/7.3.1/../../../../arm-none-eabi/lib/thumb/v7e-m/fpv5/hard\libc_nano.a(lib_a-strncmp.o)
                0x0000000008015680                strncmp
 .text.__ascii_wctomb
                0x00000000080156a4       0x1a c:/st/stm32cubeide_1.4.0/stm32cubeide/plugins/com.st.stm32cube.ide.mcu.externaltools.gnu-tools-for-stm32.7-2018-q2-update.win32_1.4.0.202007081208/tools/bin/../lib/gcc/arm-none-eabi/7.3.1/../../../../arm-none-eabi/lib/thumb/v7e-m/fpv5/hard\libc_nano.a(lib_a-wctomb_r.o)
                0x00000000080156a4                __ascii_wctomb
 *(.glue_7)
 .glue_7        0x00000000080156be        0x0 linker stubs
 *(.glue_7t)
 .glue_7t       0x00000000080156be        0x0 linker stubs
 *(.eh_frame)
 *fill*         0x00000000080156be        0x2 
 .eh_frame      0x00000000080156c0        0x0 c:/st/stm32cubeide_1.4.0/stm32cubeide/plugins/com.st.stm32cube.ide.mcu.externaltools.gnu-tools-for-stm32.7-2018-q2-update.win32_1.4.0.202007081208/tools/bin/../lib/gcc/arm-none-eabi/7.3.1/thumb/v7e-m/fpv5/hard/crtbegin.o
 *(.init)
 .init          0x00000000080156c0        0x4 c:/st/stm32cubeide_1.4.0/stm32cubeide/plugins/com.st.stm32cube.ide.mcu.externaltools.gnu-tools-for-stm32.7-2018-q2-update.win32_1.4.0.202007081208/tools/bin/../lib/gcc/arm-none-eabi/7.3.1/thumb/v7e-m/fpv5/hard/crti.o
                0x00000000080156c0                _init
 .init          0x00000000080156c4        0x8 c:/st/stm32cubeide_1.4.0/stm32cubeide/plugins/com.st.stm32cube.ide.mcu.externaltools.gnu-tools-for-stm32.7-2018-q2-update.win32_1.4.0.202007081208/tools/bin/../lib/gcc/arm-none-eabi/7.3.1/thumb/v7e-m/fpv5/hard/crtn.o
 *(.fini)
 .fini          0x00000000080156cc        0x4 c:/st/stm32cubeide_1.4.0/stm32cubeide/plugins/com.st.stm32cube.ide.mcu.externaltools.gnu-tools-for-stm32.7-2018-q2-update.win32_1.4.0.202007081208/tools/bin/../lib/gcc/arm-none-eabi/7.3.1/thumb/v7e-m/fpv5/hard/crti.o
                0x00000000080156cc                _fini
 .fini          0x00000000080156d0        0x8 c:/st/stm32cubeide_1.4.0/stm32cubeide/plugins/com.st.stm32cube.ide.mcu.externaltools.gnu-tools-for-stm32.7-2018-q2-update.win32_1.4.0.202007081208/tools/bin/../lib/gcc/arm-none-eabi/7.3.1/thumb/v7e-m/fpv5/hard/crtn.o
                0x00000000080156d8                . = ALIGN (0x4)
                0x00000000080156d8                _etext = .

.vfp11_veneer   0x00000000080156d8        0x0
 .vfp11_veneer  0x00000000080156d8        0x0 linker stubs

.v4_bx          0x00000000080156d8        0x0
 .v4_bx         0x00000000080156d8        0x0 linker stubs

.iplt           0x00000000080156d8        0x0
 .iplt          0x00000000080156d8        0x0 c:/st/stm32cubeide_1.4.0/stm32cubeide/plugins/com.st.stm32cube.ide.mcu.externaltools.gnu-tools-for-stm32.7-2018-q2-update.win32_1.4.0.202007081208/tools/bin/../lib/gcc/arm-none-eabi/7.3.1/thumb/v7e-m/fpv5/hard/crtbegin.o

.rodata         0x00000000080156d8      0x420
                0x00000000080156d8                . = ALIGN (0x4)
 *(.rodata)
 .rodata        0x00000000080156d8       0x8c Core/Src/main.o
 .rodata        0x0000000008015764       0x10 Drivers/STM32H7xx_HAL_Driver/Src/stm32h7xx_hal_uart_ex.o
 .rodata        0x0000000008015774        0x4 Middlewares/ST/STM32_USB_Host_Library/Class/MSC/Src/usbh_msc.o
 .rodata        0x0000000008015778       0x44 Middlewares/Third_Party/FatFs/src/ff.o
 *(.rodata*)
 .rodata.D1CorePrescTable
                0x00000000080157bc       0x10 Core/Src/system_stm32h7xx.o
                0x00000000080157bc                D1CorePrescTable
 .rodata.UARTPrescTable
                0x00000000080157cc       0x18 Drivers/STM32H7xx_HAL_Driver/Src/stm32h7xx_hal_uart.o
                0x00000000080157cc                UARTPrescTable
 .rodata.USBH_Driver
                0x00000000080157e4       0x14 FATFS/Target/usbh_diskio.o
                0x00000000080157e4                USBH_Driver
 .rodata.ExCvt  0x00000000080157f8       0x80 Middlewares/Third_Party/FatFs/src/ff.o
 .rodata._printf_float.str1.1
                0x0000000008015878       0x12 c:/st/stm32cubeide_1.4.0/stm32cubeide/plugins/com.st.stm32cube.ide.mcu.externaltools.gnu-tools-for-stm32.7-2018-q2-update.win32_1.4.0.202007081208/tools/bin/../lib/gcc/arm-none-eabi/7.3.1/../../../../arm-none-eabi/lib/thumb/v7e-m/fpv5/hard\libc_nano.a(lib_a-nano-vfprintf_float.o)
 .rodata._strtod_l.str1.1
                0x000000000801588a       0x12 c:/st/stm32cubeide_1.4.0/stm32cubeide/plugins/com.st.stm32cube.ide.mcu.externaltools.gnu-tools-for-stm32.7-2018-q2-update.win32_1.4.0.202007081208/tools/bin/../lib/gcc/arm-none-eabi/7.3.1/../../../../arm-none-eabi/lib/thumb/v7e-m/fpv5/hard\libc_nano.a(lib_a-strtod.o)
                                          0xc (size before relaxing)
 *fill*         0x000000000801588a        0x2 
 .rodata.fpi.7435
                0x000000000801588c       0x14 c:/st/stm32cubeide_1.4.0/stm32cubeide/plugins/com.st.stm32cube.ide.mcu.externaltools.gnu-tools-for-stm32.7-2018-q2-update.win32_1.4.0.202007081208/tools/bin/../lib/gcc/arm-none-eabi/7.3.1/../../../../arm-none-eabi/lib/thumb/v7e-m/fpv5/hard\libc_nano.a(lib_a-strtod.o)
 .rodata.fpinan.7471
                0x00000000080158a0       0x14 c:/st/stm32cubeide_1.4.0/stm32cubeide/plugins/com.st.stm32cube.ide.mcu.externaltools.gnu-tools-for-stm32.7-2018-q2-update.win32_1.4.0.202007081208/tools/bin/../lib/gcc/arm-none-eabi/7.3.1/../../../../arm-none-eabi/lib/thumb/v7e-m/fpv5/hard\libc_nano.a(lib_a-strtod.o)
 *fill*         0x00000000080158b4        0x4 
 .rodata.tinytens
                0x00000000080158b8       0x28 c:/st/stm32cubeide_1.4.0/stm32cubeide/plugins/com.st.stm32cube.ide.mcu.externaltools.gnu-tools-for-stm32.7-2018-q2-update.win32_1.4.0.202007081208/tools/bin/../lib/gcc/arm-none-eabi/7.3.1/../../../../arm-none-eabi/lib/thumb/v7e-m/fpv5/hard\libc_nano.a(lib_a-strtod.o)
 .rodata._dtoa_r.str1.1
                0x00000000080158e0        0xd c:/st/stm32cubeide_1.4.0/stm32cubeide/plugins/com.st.stm32cube.ide.mcu.externaltools.gnu-tools-for-stm32.7-2018-q2-update.win32_1.4.0.202007081208/tools/bin/../lib/gcc/arm-none-eabi/7.3.1/../../../../arm-none-eabi/lib/thumb/v7e-m/fpv5/hard\libc_nano.a(lib_a-dtoa.o)
                                          0xf (size before relaxing)
 .rodata._setlocale_r.str1.1
                0x00000000080158ed        0x8 c:/st/stm32cubeide_1.4.0/stm32cubeide/plugins/com.st.stm32cube.ide.mcu.externaltools.gnu-tools-for-stm32.7-2018-q2-update.win32_1.4.0.202007081208/tools/bin/../lib/gcc/arm-none-eabi/7.3.1/../../../../arm-none-eabi/lib/thumb/v7e-m/fpv5/hard\libc_nano.a(lib_a-locale.o)
                                          0x9 (size before relaxing)
 .rodata.str1.1
                0x00000000080158f5        0x2 c:/st/stm32cubeide_1.4.0/stm32cubeide/plugins/com.st.stm32cube.ide.mcu.externaltools.gnu-tools-for-stm32.7-2018-q2-update.win32_1.4.0.202007081208/tools/bin/../lib/gcc/arm-none-eabi/7.3.1/../../../../arm-none-eabi/lib/thumb/v7e-m/fpv5/hard\libc_nano.a(lib_a-locale.o)
 *fill*         0x00000000080158f7        0x1 
 .rodata.__mprec_bigtens
                0x00000000080158f8       0x28 c:/st/stm32cubeide_1.4.0/stm32cubeide/plugins/com.st.stm32cube.ide.mcu.externaltools.gnu-tools-for-stm32.7-2018-q2-update.win32_1.4.0.202007081208/tools/bin/../lib/gcc/arm-none-eabi/7.3.1/../../../../arm-none-eabi/lib/thumb/v7e-m/fpv5/hard\libc_nano.a(lib_a-mprec.o)
                0x00000000080158f8                __mprec_bigtens
 .rodata.__mprec_tens
                0x0000000008015920       0xc8 c:/st/stm32cubeide_1.4.0/stm32cubeide/plugins/com.st.stm32cube.ide.mcu.externaltools.gnu-tools-for-stm32.7-2018-q2-update.win32_1.4.0.202007081208/tools/bin/../lib/gcc/arm-none-eabi/7.3.1/../../../../arm-none-eabi/lib/thumb/v7e-m/fpv5/hard\libc_nano.a(lib_a-mprec.o)
                0x0000000008015920                __mprec_tens
 .rodata.p05.7359
                0x00000000080159e8        0xc c:/st/stm32cubeide_1.4.0/stm32cubeide/plugins/com.st.stm32cube.ide.mcu.externaltools.gnu-tools-for-stm32.7-2018-q2-update.win32_1.4.0.202007081208/tools/bin/../lib/gcc/arm-none-eabi/7.3.1/../../../../arm-none-eabi/lib/thumb/v7e-m/fpv5/hard\libc_nano.a(lib_a-mprec.o)
 .rodata._ctype_
                0x00000000080159f4      0x101 c:/st/stm32cubeide_1.4.0/stm32cubeide/plugins/com.st.stm32cube.ide.mcu.externaltools.gnu-tools-for-stm32.7-2018-q2-update.win32_1.4.0.202007081208/tools/bin/../lib/gcc/arm-none-eabi/7.3.1/../../../../arm-none-eabi/lib/thumb/v7e-m/fpv5/hard\libc_nano.a(lib_a-ctype_.o)
                0x00000000080159f4                _ctype_
                0x0000000008015af8                . = ALIGN (0x4)
 *fill*         0x0000000008015af5        0x3 

.ARM.extab      0x0000000008015af8        0x0
                0x0000000008015af8                . = ALIGN (0x4)
 *(.ARM.extab* .gnu.linkonce.armextab.*)
                0x0000000008015af8                . = ALIGN (0x4)

.ARM            0x0000000008015af8        0x8
                0x0000000008015af8                . = ALIGN (0x4)
                0x0000000008015af8                __exidx_start = .
 *(.ARM.exidx*)
 .ARM.exidx     0x0000000008015af8        0x8 c:/st/stm32cubeide_1.4.0/stm32cubeide/plugins/com.st.stm32cube.ide.mcu.externaltools.gnu-tools-for-stm32.7-2018-q2-update.win32_1.4.0.202007081208/tools/bin/../lib/gcc/arm-none-eabi/7.3.1/thumb/v7e-m/fpv5/hard\libgcc.a(_udivmoddi4.o)
                0x0000000008015b00                __exidx_end = .
                0x0000000008015b00                . = ALIGN (0x4)

.rel.dyn        0x0000000008015b00        0x0
 .rel.iplt      0x0000000008015b00        0x0 c:/st/stm32cubeide_1.4.0/stm32cubeide/plugins/com.st.stm32cube.ide.mcu.externaltools.gnu-tools-for-stm32.7-2018-q2-update.win32_1.4.0.202007081208/tools/bin/../lib/gcc/arm-none-eabi/7.3.1/thumb/v7e-m/fpv5/hard/crtbegin.o

.preinit_array  0x0000000008015b00        0x0
                0x0000000008015b00                . = ALIGN (0x4)
                0x0000000008015b00                PROVIDE (__preinit_array_start = .)
 *(.preinit_array*)
                0x0000000008015b00                PROVIDE (__preinit_array_end = .)
                0x0000000008015b00                . = ALIGN (0x4)

.init_array     0x0000000008015b00        0x4
                0x0000000008015b00                . = ALIGN (0x4)
                0x0000000008015b00                PROVIDE (__init_array_start = .)
 *(SORT_BY_NAME(.init_array.*))
 *(.init_array*)
 .init_array    0x0000000008015b00        0x4 c:/st/stm32cubeide_1.4.0/stm32cubeide/plugins/com.st.stm32cube.ide.mcu.externaltools.gnu-tools-for-stm32.7-2018-q2-update.win32_1.4.0.202007081208/tools/bin/../lib/gcc/arm-none-eabi/7.3.1/thumb/v7e-m/fpv5/hard/crtbegin.o
                0x0000000008015b04                PROVIDE (__init_array_end = .)
                0x0000000008015b04                . = ALIGN (0x4)

.fini_array     0x0000000008015b04        0x4
                0x0000000008015b04                . = ALIGN (0x4)
                [!provide]                        PROVIDE (__fini_array_start = .)
 *(SORT_BY_NAME(.fini_array.*))
 *(.fini_array*)
 .fini_array    0x0000000008015b04        0x4 c:/st/stm32cubeide_1.4.0/stm32cubeide/plugins/com.st.stm32cube.ide.mcu.externaltools.gnu-tools-for-stm32.7-2018-q2-update.win32_1.4.0.202007081208/tools/bin/../lib/gcc/arm-none-eabi/7.3.1/thumb/v7e-m/fpv5/hard/crtbegin.o
                [!provide]                        PROVIDE (__fini_array_end = .)
                0x0000000008015b08                . = ALIGN (0x4)
                0x0000000008015b08                _sidata = LOADADDR (.data)

.data           0x0000000024000000      0x200 load address 0x0000000008015b08
                0x0000000024000000                . = ALIGN (0x4)
                0x0000000024000000                _sdata = .
 *(.data)
 *(.data*)
 .data.SystemCoreClock
                0x0000000024000000        0x4 Core/Src/system_stm32h7xx.o
                0x0000000024000000                SystemCoreClock
 .data.SystemD2Clock
                0x0000000024000004        0x4 Core/Src/system_stm32h7xx.o
                0x0000000024000004                SystemD2Clock
 .data.uwTickPrio
                0x0000000024000008        0x4 Drivers/STM32H7xx_HAL_Driver/Src/stm32h7xx_hal.o
                0x0000000024000008                uwTickPrio
 .data.uwTickFreq
                0x000000002400000c        0x1 Drivers/STM32H7xx_HAL_Driver/Src/stm32h7xx_hal.o
                0x000000002400000c                uwTickFreq
 *fill*         0x000000002400000d        0x3 
 .data.USBH_msc
                0x0000000024000010       0x20 Middlewares/ST/STM32_USB_Host_Library/Class/MSC/Src/usbh_msc.o
                0x0000000024000010                USBH_msc
 .data._impure_ptr
                0x0000000024000030        0x4 c:/st/stm32cubeide_1.4.0/stm32cubeide/plugins/com.st.stm32cube.ide.mcu.externaltools.gnu-tools-for-stm32.7-2018-q2-update.win32_1.4.0.202007081208/tools/bin/../lib/gcc/arm-none-eabi/7.3.1/../../../../arm-none-eabi/lib/thumb/v7e-m/fpv5/hard\libc_nano.a(lib_a-impure.o)
                0x0000000024000030                _impure_ptr
 .data.impure_data